  Determining projects to restore...
/home/ameen/Desktop/BOOKIN/BOOKIN/backend/YemenBooking.Infrastructure/YemenBooking.Infrastructure.csproj : warning NU1902: Package 'SixLabors.ImageSharp' 3.1.10 has a known moderate severity vulnerability, https://github.com/advisories/GHSA-rxmq-m78w-7wmc [/home/ameen/Desktop/BOOKIN/BOOKIN/backend/backend.sln]
  All projects are up-to-date for restore.
/home/ameen/Desktop/BOOKIN/BOOKIN/backend/YemenBooking.Infrastructure/YemenBooking.Infrastructure.csproj : warning NU1902: Package 'SixLabors.ImageSharp' 3.1.10 has a known moderate severity vulnerability, https://github.com/advisories/GHSA-rxmq-m78w-7wmc
  YemenBooking.Core -> /home/ameen/Desktop/BOOKIN/BOOKIN/backend/YemenBooking.Core/bin/Debug/net8.0/YemenBooking.Core.dll
  YemenBooking.Application -> /home/ameen/Desktop/BOOKIN/BOOKIN/backend/YemenBooking.Application_New/bin/Debug/net8.0/YemenBooking.Application.dll
/home/ameen/Desktop/BOOKIN/BOOKIN/backend/YemenBooking.Infrastructure/Repositories/UserRepository.cs(9,7): warning CS0105: The using directive for 'YemenBooking.Core.Interfaces.Repositories' appeared previously in this namespace [/home/ameen/Desktop/BOOKIN/BOOKIN/backend/YemenBooking.Infrastructure/YemenBooking.Infrastructure.csproj]
/home/ameen/Desktop/BOOKIN/BOOKIN/backend/YemenBooking.Infrastructure/Services/ImageProcessingService.cs(16,7): warning CS0105: The using directive for 'YemenBooking.Application.Infrastructure.Services' appeared previously in this namespace [/home/ameen/Desktop/BOOKIN/BOOKIN/backend/YemenBooking.Infrastructure/YemenBooking.Infrastructure.csproj]
/home/ameen/Desktop/BOOKIN/BOOKIN/backend/YemenBooking.Infrastructure/Services/NotificationService.cs(14,7): warning CS0105: The using directive for 'YemenBooking.Application.Infrastructure.Services' appeared previously in this namespace [/home/ameen/Desktop/BOOKIN/BOOKIN/backend/YemenBooking.Infrastructure/YemenBooking.Infrastructure.csproj]
/home/ameen/Desktop/BOOKIN/BOOKIN/backend/YemenBooking.Infrastructure/Redis/Monitoring/HealthCheckService.cs(342,174): warning CS8625: Cannot convert null literal to non-nullable reference type. [/home/ameen/Desktop/BOOKIN/BOOKIN/backend/YemenBooking.Infrastructure/YemenBooking.Infrastructure.csproj]
/home/ameen/Desktop/BOOKIN/BOOKIN/backend/YemenBooking.Infrastructure/Redis/Monitoring/HealthCheckService.cs(357,175): warning CS8625: Cannot convert null literal to non-nullable reference type. [/home/ameen/Desktop/BOOKIN/BOOKIN/backend/YemenBooking.Infrastructure/YemenBooking.Infrastructure.csproj]
/home/ameen/Desktop/BOOKIN/BOOKIN/backend/YemenBooking.Infrastructure/Redis/Monitoring/HealthCheckService.cs(372,176): warning CS8625: Cannot convert null literal to non-nullable reference type. [/home/ameen/Desktop/BOOKIN/BOOKIN/backend/YemenBooking.Infrastructure/YemenBooking.Infrastructure.csproj]
/home/ameen/Desktop/BOOKIN/BOOKIN/backend/YemenBooking.Infrastructure/Repositories/ChartOfAccountRepository.cs(20,44): warning CS0108: 'ChartOfAccountRepository._context' hides inherited member 'BaseRepository<ChartOfAccount>._context'. Use the new keyword if hiding was intended. [/home/ameen/Desktop/BOOKIN/BOOKIN/backend/YemenBooking.Infrastructure/YemenBooking.Infrastructure.csproj]
/home/ameen/Desktop/BOOKIN/BOOKIN/backend/YemenBooking.Infrastructure/Repositories/ChartOfAccountRepository.cs(214,39): warning CS0108: 'ChartOfAccountRepository.AddAsync(ChartOfAccount, CancellationToken)' hides inherited member 'BaseRepository<ChartOfAccount>.AddAsync(ChartOfAccount, CancellationToken)'. Use the new keyword if hiding was intended. [/home/ameen/Desktop/BOOKIN/BOOKIN/backend/YemenBooking.Infrastructure/YemenBooking.Infrastructure.csproj]
/home/ameen/Desktop/BOOKIN/BOOKIN/backend/YemenBooking.Infrastructure/Services/GeolocationService.cs(135,84): warning CS8625: Cannot convert null literal to non-nullable reference type. [/home/ameen/Desktop/BOOKIN/BOOKIN/backend/YemenBooking.Infrastructure/YemenBooking.Infrastructure.csproj]
/home/ameen/Desktop/BOOKIN/BOOKIN/backend/YemenBooking.Infrastructure/Services/GeolocationService.cs(198,82): warning CS8625: Cannot convert null literal to non-nullable reference type. [/home/ameen/Desktop/BOOKIN/BOOKIN/backend/YemenBooking.Infrastructure/YemenBooking.Infrastructure.csproj]
/home/ameen/Desktop/BOOKIN/BOOKIN/backend/YemenBooking.Infrastructure/Services/GeolocationService.cs(249,82): warning CS8625: Cannot convert null literal to non-nullable reference type. [/home/ameen/Desktop/BOOKIN/BOOKIN/backend/YemenBooking.Infrastructure/YemenBooking.Infrastructure.csproj]
/home/ameen/Desktop/BOOKIN/BOOKIN/backend/YemenBooking.Infrastructure/Repositories/UnitInSectionImageRepository.cs(27,43): warning CS0108: 'UnitInSectionImageRepository.UpdateAsync(UnitInSectionImage, CancellationToken)' hides inherited member 'BaseRepository<UnitInSectionImage>.UpdateAsync(UnitInSectionImage, CancellationToken)'. Use the new keyword if hiding was intended. [/home/ameen/Desktop/BOOKIN/BOOKIN/backend/YemenBooking.Infrastructure/YemenBooking.Infrastructure.csproj]
/home/ameen/Desktop/BOOKIN/BOOKIN/backend/YemenBooking.Infrastructure/Repositories/UnitInSectionImageRepository.cs(34,29): warning CS0108: 'UnitInSectionImageRepository.DeleteAsync(Guid, CancellationToken)' hides inherited member 'BaseRepository<UnitInSectionImage>.DeleteAsync(Guid, CancellationToken)'. Use the new keyword if hiding was intended. [/home/ameen/Desktop/BOOKIN/BOOKIN/backend/YemenBooking.Infrastructure/YemenBooking.Infrastructure.csproj]
/home/ameen/Desktop/BOOKIN/BOOKIN/backend/YemenBooking.Infrastructure/Repositories/ReviewResponseRepository.cs(32,33): warning CS0108: 'ReviewResponseRepository.DeleteAsync(Guid, CancellationToken)' hides inherited member 'BaseRepository<ReviewResponse>.DeleteAsync(Guid, CancellationToken)'. Use the new keyword if hiding was intended. [/home/ameen/Desktop/BOOKIN/BOOKIN/backend/YemenBooking.Infrastructure/YemenBooking.Infrastructure.csproj]
/home/ameen/Desktop/BOOKIN/BOOKIN/backend/YemenBooking.Infrastructure/Repositories/SectionImageRepository.cs(27,37): warning CS0108: 'SectionImageRepository.UpdateAsync(SectionImage, CancellationToken)' hides inherited member 'BaseRepository<SectionImage>.UpdateAsync(SectionImage, CancellationToken)'. Use the new keyword if hiding was intended. [/home/ameen/Desktop/BOOKIN/BOOKIN/backend/YemenBooking.Infrastructure/YemenBooking.Infrastructure.csproj]
/home/ameen/Desktop/BOOKIN/BOOKIN/backend/YemenBooking.Infrastructure/Repositories/SectionImageRepository.cs(34,29): warning CS0108: 'SectionImageRepository.DeleteAsync(Guid, CancellationToken)' hides inherited member 'BaseRepository<SectionImage>.DeleteAsync(Guid, CancellationToken)'. Use the new keyword if hiding was intended. [/home/ameen/Desktop/BOOKIN/BOOKIN/backend/YemenBooking.Infrastructure/YemenBooking.Infrastructure.csproj]
/home/ameen/Desktop/BOOKIN/BOOKIN/backend/YemenBooking.Infrastructure/Repositories/UserSettingsRepository.cs(41,33): warning CS0108: 'UserSettingsRepository.DeleteAsync(Guid, CancellationToken)' hides inherited member 'BaseRepository<UserSettings>.DeleteAsync(Guid, CancellationToken)'. Use the new keyword if hiding was intended. [/home/ameen/Desktop/BOOKIN/BOOKIN/backend/YemenBooking.Infrastructure/YemenBooking.Infrastructure.csproj]
/home/ameen/Desktop/BOOKIN/BOOKIN/backend/YemenBooking.Infrastructure/Repositories/UserSettingsRepository.cs(66,33): warning CS0108: 'UserSettingsRepository.ExistsAsync(Guid, CancellationToken)' hides inherited member 'BaseRepository<UserSettings>.ExistsAsync(Guid, CancellationToken)'. Use the new keyword if hiding was intended. [/home/ameen/Desktop/BOOKIN/BOOKIN/backend/YemenBooking.Infrastructure/YemenBooking.Infrastructure.csproj]
/home/ameen/Desktop/BOOKIN/BOOKIN/backend/YemenBooking.Infrastructure/Repositories/UserSettingsRepository.cs(71,36): warning CS0108: 'UserSettingsRepository.GetByIdAsync(Guid, CancellationToken)' hides inherited member 'BaseRepository<UserSettings>.GetByIdAsync(Guid, CancellationToken)'. Use the new keyword if hiding was intended. [/home/ameen/Desktop/BOOKIN/BOOKIN/backend/YemenBooking.Infrastructure/YemenBooking.Infrastructure.csproj]
/home/ameen/Desktop/BOOKIN/BOOKIN/backend/YemenBooking.Infrastructure/Repositories/UserSettingsRepository.cs(81,41): warning CS0108: 'UserSettingsRepository.UpdateAsync(UserSettings, CancellationToken)' hides inherited member 'BaseRepository<UserSettings>.UpdateAsync(UserSettings, CancellationToken)'. Use the new keyword if hiding was intended. [/home/ameen/Desktop/BOOKIN/BOOKIN/backend/YemenBooking.Infrastructure/YemenBooking.Infrastructure.csproj]
/home/ameen/Desktop/BOOKIN/BOOKIN/backend/YemenBooking.Infrastructure/Repositories/SectionRepository.cs(21,30): warning CS0108: 'SectionRepository.UpdateAsync(Section, CancellationToken)' hides inherited member 'BaseRepository<Section>.UpdateAsync(Section, CancellationToken)'. Use the new keyword if hiding was intended. [/home/ameen/Desktop/BOOKIN/BOOKIN/backend/YemenBooking.Infrastructure/YemenBooking.Infrastructure.csproj]
/home/ameen/Desktop/BOOKIN/BOOKIN/backend/YemenBooking.Infrastructure/Repositories/SectionRepository.cs(28,33): warning CS0108: 'SectionRepository.DeleteAsync(Guid, CancellationToken)' hides inherited member 'BaseRepository<Section>.DeleteAsync(Guid, CancellationToken)'. Use the new keyword if hiding was intended. [/home/ameen/Desktop/BOOKIN/BOOKIN/backend/YemenBooking.Infrastructure/YemenBooking.Infrastructure.csproj]
/home/ameen/Desktop/BOOKIN/BOOKIN/backend/YemenBooking.Infrastructure/Repositories/PropertyInSectionImageRepository.cs(27,47): warning CS0108: 'PropertyInSectionImageRepository.UpdateAsync(PropertyInSectionImage, CancellationToken)' hides inherited member 'BaseRepository<PropertyInSectionImage>.UpdateAsync(PropertyInSectionImage, CancellationToken)'. Use the new keyword if hiding was intended. [/home/ameen/Desktop/BOOKIN/BOOKIN/backend/YemenBooking.Infrastructure/YemenBooking.Infrastructure.csproj]
/home/ameen/Desktop/BOOKIN/BOOKIN/backend/YemenBooking.Infrastructure/Repositories/PropertyInSectionImageRepository.cs(34,29): warning CS0108: 'PropertyInSectionImageRepository.DeleteAsync(Guid, CancellationToken)' hides inherited member 'BaseRepository<PropertyInSectionImage>.DeleteAsync(Guid, CancellationToken)'. Use the new keyword if hiding was intended. [/home/ameen/Desktop/BOOKIN/BOOKIN/backend/YemenBooking.Infrastructure/YemenBooking.Infrastructure.csproj]
/home/ameen/Desktop/BOOKIN/BOOKIN/backend/YemenBooking.Infrastructure/Repositories/PropertyPolicyRepository.cs(40,40): warning CS0108: 'PropertyPolicyRepository.GetByIdAsync(Guid, CancellationToken)' hides inherited member 'BaseRepository<PropertyPolicy>.GetByIdAsync(Guid, CancellationToken)'. Use the new keyword if hiding was intended. [/home/ameen/Desktop/BOOKIN/BOOKIN/backend/YemenBooking.Infrastructure/YemenBooking.Infrastructure.csproj]
/home/ameen/Desktop/BOOKIN/BOOKIN/backend/YemenBooking.Infrastructure/Repositories/PropertyPolicyRepository.cs(62,39): warning CS0108: 'PropertyPolicyRepository.UpdateAsync(PropertyPolicy, CancellationToken)' hides inherited member 'BaseRepository<PropertyPolicy>.UpdateAsync(PropertyPolicy, CancellationToken)'. Use the new keyword if hiding was intended. [/home/ameen/Desktop/BOOKIN/BOOKIN/backend/YemenBooking.Infrastructure/YemenBooking.Infrastructure.csproj]
/home/ameen/Desktop/BOOKIN/BOOKIN/backend/YemenBooking.Infrastructure/Repositories/PropertyPolicyRepository.cs(73,29): warning CS0108: 'PropertyPolicyRepository.DeleteAsync(Guid, CancellationToken)' hides inherited member 'BaseRepository<PropertyPolicy>.DeleteAsync(Guid, CancellationToken)'. Use the new keyword if hiding was intended. [/home/ameen/Desktop/BOOKIN/BOOKIN/backend/YemenBooking.Infrastructure/YemenBooking.Infrastructure.csproj]
/home/ameen/Desktop/BOOKIN/BOOKIN/backend/YemenBooking.Infrastructure/Wallets/SabaCash/SabaCashService.cs(49,47): warning CS8604: Possible null reference argument for parameter 'uriString' in 'Uri.Uri(string uriString)'. [/home/ameen/Desktop/BOOKIN/BOOKIN/backend/YemenBooking.Infrastructure/YemenBooking.Infrastructure.csproj]
/home/ameen/Desktop/BOOKIN/BOOKIN/backend/YemenBooking.Infrastructure/Wallets/SabaCash/SabaCashService.cs(63,57): warning CS8600: Converting null literal or possible null value to non-nullable type. [/home/ameen/Desktop/BOOKIN/BOOKIN/backend/YemenBooking.Infrastructure/YemenBooking.Infrastructure.csproj]
/home/ameen/Desktop/BOOKIN/BOOKIN/backend/YemenBooking.Infrastructure/Wallets/SabaCash/SabaCashService.cs(66,24): warning CS8603: Possible null reference return. [/home/ameen/Desktop/BOOKIN/BOOKIN/backend/YemenBooking.Infrastructure/YemenBooking.Infrastructure.csproj]
/home/ameen/Desktop/BOOKIN/BOOKIN/backend/YemenBooking.Infrastructure/Wallets/SabaCash/SabaCashService.cs(76,32): warning CS8601: Possible null reference assignment. [/home/ameen/Desktop/BOOKIN/BOOKIN/backend/YemenBooking.Infrastructure/YemenBooking.Infrastructure.csproj]
/home/ameen/Desktop/BOOKIN/BOOKIN/backend/YemenBooking.Infrastructure/Wallets/SabaCash/SabaCashService.cs(77,32): warning CS8601: Possible null reference assignment. [/home/ameen/Desktop/BOOKIN/BOOKIN/backend/YemenBooking.Infrastructure/YemenBooking.Infrastructure.csproj]
/home/ameen/Desktop/BOOKIN/BOOKIN/backend/YemenBooking.Infrastructure/Wallets/SabaCash/SabaCashService.cs(102,45): warning CS8602: Dereference of a possibly null reference. [/home/ameen/Desktop/BOOKIN/BOOKIN/backend/YemenBooking.Infrastructure/YemenBooking.Infrastructure.csproj]
/home/ameen/Desktop/BOOKIN/BOOKIN/backend/YemenBooking.Infrastructure/Wallets/SabaCash/SabaCashService.cs(160,36): warning CS8601: Possible null reference assignment. [/home/ameen/Desktop/BOOKIN/BOOKIN/backend/YemenBooking.Infrastructure/YemenBooking.Infrastructure.csproj]
/home/ameen/Desktop/BOOKIN/BOOKIN/backend/YemenBooking.Infrastructure/Wallets/SabaCash/SabaCashService.cs(209,85): warning CS8602: Dereference of a possibly null reference. [/home/ameen/Desktop/BOOKIN/BOOKIN/backend/YemenBooking.Infrastructure/YemenBooking.Infrastructure.csproj]
/home/ameen/Desktop/BOOKIN/BOOKIN/backend/YemenBooking.Infrastructure/Redis/Cache/RedisCache.cs(63,64): warning CS8604: Possible null reference argument for parameter 'json' in 'T? JsonSerializer.Deserialize<T>(string json, JsonSerializerOptions? options = null)'. [/home/ameen/Desktop/BOOKIN/BOOKIN/backend/YemenBooking.Infrastructure/YemenBooking.Infrastructure.csproj]
/home/ameen/Desktop/BOOKIN/BOOKIN/backend/YemenBooking.Infrastructure/Redis/Cache/RedisCache.cs(64,28): warning CS8603: Possible null reference return. [/home/ameen/Desktop/BOOKIN/BOOKIN/backend/YemenBooking.Infrastructure/YemenBooking.Infrastructure.csproj]
/home/ameen/Desktop/BOOKIN/BOOKIN/backend/YemenBooking.Infrastructure/Redis/Cache/RedisCache.cs(69,24): warning CS8603: Possible null reference return. [/home/ameen/Desktop/BOOKIN/BOOKIN/backend/YemenBooking.Infrastructure/YemenBooking.Infrastructure.csproj]
/home/ameen/Desktop/BOOKIN/BOOKIN/backend/YemenBooking.Infrastructure/Redis/Cache/RedisCache.cs(75,24): warning CS8603: Possible null reference return. [/home/ameen/Desktop/BOOKIN/BOOKIN/backend/YemenBooking.Infrastructure/YemenBooking.Infrastructure.csproj]
/home/ameen/Desktop/BOOKIN/BOOKIN/backend/YemenBooking.Infrastructure/Wallets/SabaCash/SabaCashService.cs(310,75): warning CS8602: Dereference of a possibly null reference. [/home/ameen/Desktop/BOOKIN/BOOKIN/backend/YemenBooking.Infrastructure/YemenBooking.Infrastructure.csproj]
/home/ameen/Desktop/BOOKIN/BOOKIN/backend/YemenBooking.Infrastructure/Wallets/SabaCash/SabaCashService.cs(368,39): warning CS8602: Dereference of a possibly null reference. [/home/ameen/Desktop/BOOKIN/BOOKIN/backend/YemenBooking.Infrastructure/YemenBooking.Infrastructure.csproj]
/home/ameen/Desktop/BOOKIN/BOOKIN/backend/YemenBooking.Infrastructure/Wallets/SabaCash/SabaCashService.cs(499,82): warning CS8602: Dereference of a possibly null reference. [/home/ameen/Desktop/BOOKIN/BOOKIN/backend/YemenBooking.Infrastructure/YemenBooking.Infrastructure.csproj]
/home/ameen/Desktop/BOOKIN/BOOKIN/backend/YemenBooking.Infrastructure/Redis/Cache/RedisCache.cs(216,24): warning CS8603: Possible null reference return. [/home/ameen/Desktop/BOOKIN/BOOKIN/backend/YemenBooking.Infrastructure/YemenBooking.Infrastructure.csproj]
/home/ameen/Desktop/BOOKIN/BOOKIN/backend/YemenBooking.Infrastructure/UnitOfWork/UnitOfWork.cs(106,22): warning CS8600: Converting null literal or possible null value to non-nullable type. [/home/ameen/Desktop/BOOKIN/BOOKIN/backend/YemenBooking.Infrastructure/YemenBooking.Infrastructure.csproj]
/home/ameen/Desktop/BOOKIN/BOOKIN/backend/YemenBooking.Infrastructure/Redis/Monitoring/HealthCheckService.cs(177,36): warning CS8601: Possible null reference assignment. [/home/ameen/Desktop/BOOKIN/BOOKIN/backend/YemenBooking.Infrastructure/YemenBooking.Infrastructure.csproj]
/home/ameen/Desktop/BOOKIN/BOOKIN/backend/YemenBooking.Infrastructure/Seeds/UserAccountsSeeder.cs(80,89): warning CS8619: Nullability of reference types in value of type 'List<string>' doesn't match target type 'List<string?>'. [/home/ameen/Desktop/BOOKIN/BOOKIN/backend/YemenBooking.Infrastructure/YemenBooking.Infrastructure.csproj]
/home/ameen/Desktop/BOOKIN/BOOKIN/backend/YemenBooking.Infrastructure/Redis/Configuration/RedisServiceConfiguration.cs(148,23): warning CS8618: Non-nullable property 'ConnectionString' must contain a non-null value when exiting constructor. Consider adding the 'required' modifier or declaring the property as nullable. [/home/ameen/Desktop/BOOKIN/BOOKIN/backend/YemenBooking.Infrastructure/YemenBooking.Infrastructure.csproj]
/home/ameen/Desktop/BOOKIN/BOOKIN/backend/YemenBooking.Infrastructure/Redis/Configuration/RedisServiceConfiguration.cs(175,23): warning CS8618: Non-nullable property 'Password' must contain a non-null value when exiting constructor. Consider adding the 'required' modifier or declaring the property as nullable. [/home/ameen/Desktop/BOOKIN/BOOKIN/backend/YemenBooking.Infrastructure/YemenBooking.Infrastructure.csproj]
/home/ameen/Desktop/BOOKIN/BOOKIN/backend/YemenBooking.Infrastructure/Redis/Configuration/RedisServiceConfiguration.cs(181,23): warning CS8618: Non-nullable property 'SslHost' must contain a non-null value when exiting constructor. Consider adding the 'required' modifier or declaring the property as nullable. [/home/ameen/Desktop/BOOKIN/BOOKIN/backend/YemenBooking.Infrastructure/YemenBooking.Infrastructure.csproj]
/home/ameen/Desktop/BOOKIN/BOOKIN/backend/YemenBooking.Infrastructure/Redis/Core/RedisConnectionManager.cs(68,16): warning CS8618: Non-nullable field '_connection' must contain a non-null value when exiting constructor. Consider adding the 'required' modifier or declaring the field as nullable. [/home/ameen/Desktop/BOOKIN/BOOKIN/backend/YemenBooking.Infrastructure/YemenBooking.Infrastructure.csproj]
/home/ameen/Desktop/BOOKIN/BOOKIN/backend/YemenBooking.Infrastructure/Repositories/BaseRepository.cs(66,27): warning CS1998: This async method lacks 'await' operators and will run synchronously. Consider using the 'await' operator to await non-blocking API calls, or 'await Task.Run(...)' to do CPU-bound work on a background thread. [/home/ameen/Desktop/BOOKIN/BOOKIN/backend/YemenBooking.Infrastructure/YemenBooking.Infrastructure.csproj]
/home/ameen/Desktop/BOOKIN/BOOKIN/backend/YemenBooking.Infrastructure/Repositories/BaseRepository.cs(72,27): warning CS1998: This async method lacks 'await' operators and will run synchronously. Consider using the 'await' operator to await non-blocking API calls, or 'await Task.Run(...)' to do CPU-bound work on a background thread. [/home/ameen/Desktop/BOOKIN/BOOKIN/backend/YemenBooking.Infrastructure/YemenBooking.Infrastructure.csproj]
/home/ameen/Desktop/BOOKIN/BOOKIN/backend/YemenBooking.Infrastructure/Repositories/UserRepository.cs(104,38): warning CS8603: Possible null reference return. [/home/ameen/Desktop/BOOKIN/BOOKIN/backend/YemenBooking.Infrastructure/YemenBooking.Infrastructure.csproj]
/home/ameen/Desktop/BOOKIN/BOOKIN/backend/YemenBooking.Infrastructure/Repositories/UserRepository.cs(105,20): warning CS8603: Possible null reference return. [/home/ameen/Desktop/BOOKIN/BOOKIN/backend/YemenBooking.Infrastructure/YemenBooking.Infrastructure.csproj]
/home/ameen/Desktop/BOOKIN/BOOKIN/backend/YemenBooking.Infrastructure/Repositories/BaseRepository.cs(78,27): warning CS1998: This async method lacks 'await' operators and will run synchronously. Consider using the 'await' operator to await non-blocking API calls, or 'await Task.Run(...)' to do CPU-bound work on a background thread. [/home/ameen/Desktop/BOOKIN/BOOKIN/backend/YemenBooking.Infrastructure/YemenBooking.Infrastructure.csproj]
/home/ameen/Desktop/BOOKIN/BOOKIN/backend/YemenBooking.Infrastructure/Repositories/BaseRepository.cs(94,27): warning CS1998: This async method lacks 'await' operators and will run synchronously. Consider using the 'await' operator to await non-blocking API calls, or 'await Task.Run(...)' to do CPU-bound work on a background thread. [/home/ameen/Desktop/BOOKIN/BOOKIN/backend/YemenBooking.Infrastructure/YemenBooking.Infrastructure.csproj]
/home/ameen/Desktop/BOOKIN/BOOKIN/backend/YemenBooking.Infrastructure/Redis/Monitoring/HealthCheckService.cs(413,27): warning CS8618: Non-nullable property 'OperationType' must contain a non-null value when exiting constructor. Consider adding the 'required' modifier or declaring the property as nullable. [/home/ameen/Desktop/BOOKIN/BOOKIN/backend/YemenBooking.Infrastructure/YemenBooking.Infrastructure.csproj]
/home/ameen/Desktop/BOOKIN/BOOKIN/backend/YemenBooking.Infrastructure/Redis/Core/RedisConnectionManager.cs(424,42): warning CS8622: Nullability of reference types in type of parameter 'sender' of 'void RedisConnectionManager.OnConnectionFailed(object sender, ConnectionFailedEventArgs e)' doesn't match the target delegate 'EventHandler<ConnectionFailedEventArgs>' (possibly because of nullability attributes). [/home/ameen/Desktop/BOOKIN/BOOKIN/backend/YemenBooking.Infrastructure/YemenBooking.Infrastructure.csproj]
/home/ameen/Desktop/BOOKIN/BOOKIN/backend/YemenBooking.Infrastructure/Redis/Core/RedisConnectionManager.cs(425,44): warning CS8622: Nullability of reference types in type of parameter 'sender' of 'void RedisConnectionManager.OnConnectionRestored(object sender, ConnectionFailedEventArgs e)' doesn't match the target delegate 'EventHandler<ConnectionFailedEventArgs>' (possibly because of nullability attributes). [/home/ameen/Desktop/BOOKIN/BOOKIN/backend/YemenBooking.Infrastructure/YemenBooking.Infrastructure.csproj]
/home/ameen/Desktop/BOOKIN/BOOKIN/backend/YemenBooking.Infrastructure/Redis/Core/RedisConnectionManager.cs(426,38): warning CS8622: Nullability of reference types in type of parameter 'sender' of 'void RedisConnectionManager.OnErrorMessage(object sender, RedisErrorEventArgs e)' doesn't match the target delegate 'EventHandler<RedisErrorEventArgs>' (possibly because of nullability attributes). [/home/ameen/Desktop/BOOKIN/BOOKIN/backend/YemenBooking.Infrastructure/YemenBooking.Infrastructure.csproj]
/home/ameen/Desktop/BOOKIN/BOOKIN/backend/YemenBooking.Infrastructure/Redis/Core/RedisConnectionManager.cs(427,39): warning CS8622: Nullability of reference types in type of parameter 'sender' of 'void RedisConnectionManager.OnInternalError(object sender, InternalErrorEventArgs e)' doesn't match the target delegate 'EventHandler<InternalErrorEventArgs>' (possibly because of nullability attributes). [/home/ameen/Desktop/BOOKIN/BOOKIN/backend/YemenBooking.Infrastructure/YemenBooking.Infrastructure.csproj]
/home/ameen/Desktop/BOOKIN/BOOKIN/backend/YemenBooking.Infrastructure/Repositories/BaseRepository.cs(127,21): warning CS0162: Unreachable code detected [/home/ameen/Desktop/BOOKIN/BOOKIN/backend/YemenBooking.Infrastructure/YemenBooking.Infrastructure.csproj]
/home/ameen/Desktop/BOOKIN/BOOKIN/backend/YemenBooking.Infrastructure/Redis/Core/RedisConnectionManager.cs(529,53): warning CS8622: Nullability of reference types in type of parameter 'sender' of 'void RedisConnectionManager.OnConnectionFailed(object sender, ConnectionFailedEventArgs e)' doesn't match the target delegate 'EventHandler<ConnectionFailedEventArgs>' (possibly because of nullability attributes). [/home/ameen/Desktop/BOOKIN/BOOKIN/backend/YemenBooking.Infrastructure/YemenBooking.Infrastructure.csproj]
/home/ameen/Desktop/BOOKIN/BOOKIN/backend/YemenBooking.Infrastructure/Redis/Core/RedisConnectionManager.cs(530,55): warning CS8622: Nullability of reference types in type of parameter 'sender' of 'void RedisConnectionManager.OnConnectionRestored(object sender, ConnectionFailedEventArgs e)' doesn't match the target delegate 'EventHandler<ConnectionFailedEventArgs>' (possibly because of nullability attributes). [/home/ameen/Desktop/BOOKIN/BOOKIN/backend/YemenBooking.Infrastructure/YemenBooking.Infrastructure.csproj]
/home/ameen/Desktop/BOOKIN/BOOKIN/backend/YemenBooking.Infrastructure/Redis/Core/RedisConnectionManager.cs(531,49): warning CS8622: Nullability of reference types in type of parameter 'sender' of 'void RedisConnectionManager.OnErrorMessage(object sender, RedisErrorEventArgs e)' doesn't match the target delegate 'EventHandler<RedisErrorEventArgs>' (possibly because of nullability attributes). [/home/ameen/Desktop/BOOKIN/BOOKIN/backend/YemenBooking.Infrastructure/YemenBooking.Infrastructure.csproj]
/home/ameen/Desktop/BOOKIN/BOOKIN/backend/YemenBooking.Infrastructure/Redis/Core/RedisConnectionManager.cs(532,50): warning CS8622: Nullability of reference types in type of parameter 'sender' of 'void RedisConnectionManager.OnInternalError(object sender, InternalErrorEventArgs e)' doesn't match the target delegate 'EventHandler<InternalErrorEventArgs>' (possibly because of nullability attributes). [/home/ameen/Desktop/BOOKIN/BOOKIN/backend/YemenBooking.Infrastructure/YemenBooking.Infrastructure.csproj]
/home/ameen/Desktop/BOOKIN/BOOKIN/backend/YemenBooking.Infrastructure/Redis/Core/Interfaces/IRedisConnectionManager.cs(54,23): warning CS8618: Non-nullable property 'Endpoint' must contain a non-null value when exiting constructor. Consider adding the 'required' modifier or declaring the property as nullable. [/home/ameen/Desktop/BOOKIN/BOOKIN/backend/YemenBooking.Infrastructure/YemenBooking.Infrastructure.csproj]
/home/ameen/Desktop/BOOKIN/BOOKIN/backend/YemenBooking.Infrastructure/Postgres/Indexing/PostgresUnitSearchEngine.cs(554,47): error CS1061: 'YemenBookingDbContext' does not contain a definition for 'UnitAvailabilities' and no accessible extension method 'UnitAvailabilities' accepting a first argument of type 'YemenBookingDbContext' could be found (are you missing a using directive or an assembly reference?) [/home/ameen/Desktop/BOOKIN/BOOKIN/backend/YemenBooking.Infrastructure/YemenBooking.Infrastructure.csproj]
/home/ameen/Desktop/BOOKIN/BOOKIN/backend/YemenBooking.Infrastructure/Postgres/Indexing/PostgresUnitSearchEngine.cs(480,25): warning CS8602: Dereference of a possibly null reference. [/home/ameen/Desktop/BOOKIN/BOOKIN/backend/YemenBooking.Infrastructure/YemenBooking.Infrastructure.csproj]
/home/ameen/Desktop/BOOKIN/BOOKIN/backend/YemenBooking.Infrastructure/Postgres/Indexing/PostgresUnitSearchEngine.cs(497,29): warning CS8602: Dereference of a possibly null reference. [/home/ameen/Desktop/BOOKIN/BOOKIN/backend/YemenBooking.Infrastructure/YemenBooking.Infrastructure.csproj]
/home/ameen/Desktop/BOOKIN/BOOKIN/backend/YemenBooking.Infrastructure/Postgres/Indexing/PostgresUnitSearchEngine.cs(504,25): warning CS8602: Dereference of a possibly null reference. [/home/ameen/Desktop/BOOKIN/BOOKIN/backend/YemenBooking.Infrastructure/YemenBooking.Infrastructure.csproj]
/home/ameen/Desktop/BOOKIN/BOOKIN/backend/YemenBooking.Infrastructure/Repositories/ChartOfAccountRepository.cs(45,16): warning CS8603: Possible null reference return. [/home/ameen/Desktop/BOOKIN/BOOKIN/backend/YemenBooking.Infrastructure/YemenBooking.Infrastructure.csproj]
/home/ameen/Desktop/BOOKIN/BOOKIN/backend/YemenBooking.Infrastructure/Redis/Indexing/UltraOptimizedSearchEngine.cs(294,48): warning CS8604: Possible null reference argument for parameter 'command' in 'Task<RedisResult> IDatabaseAsync.ExecuteAsync(string command, params object[] args)'. [/home/ameen/Desktop/BOOKIN/BOOKIN/backend/YemenBooking.Infrastructure/YemenBooking.Infrastructure.csproj]
/home/ameen/Desktop/BOOKIN/BOOKIN/backend/YemenBooking.Infrastructure/Redis/Indexing/UltraOptimizedSearchEngine.cs(301,35): warning CS8600: Converting null literal or possible null value to non-nullable type. [/home/ameen/Desktop/BOOKIN/BOOKIN/backend/YemenBooking.Infrastructure/YemenBooking.Infrastructure.csproj]
/home/ameen/Desktop/BOOKIN/BOOKIN/backend/YemenBooking.Infrastructure/Redis/Indexing/UltraOptimizedSearchEngine.cs(303,21): warning CS8602: Dereference of a possibly null reference. [/home/ameen/Desktop/BOOKIN/BOOKIN/backend/YemenBooking.Infrastructure/YemenBooking.Infrastructure.csproj]
/home/ameen/Desktop/BOOKIN/BOOKIN/backend/YemenBooking.Infrastructure/Redis/Indexing/UltraOptimizedSearchEngine.cs(313,42): warning CS8600: Converting null literal or possible null value to non-nullable type. [/home/ameen/Desktop/BOOKIN/BOOKIN/backend/YemenBooking.Infrastructure/YemenBooking.Infrastructure.csproj]
/home/ameen/Desktop/BOOKIN/BOOKIN/backend/YemenBooking.Infrastructure/Redis/Indexing/UltraOptimizedSearchEngine.cs(314,60): warning CS8604: Possible null reference argument for parameter 'fields' in 'UnitSearchItem? UltraOptimizedSearchEngine.ParseUnitSearchItem(RedisResult[] fields, decimal? totalPrice)'. [/home/ameen/Desktop/BOOKIN/BOOKIN/backend/YemenBooking.Infrastructure/YemenBooking.Infrastructure.csproj]
/home/ameen/Desktop/BOOKIN/BOOKIN/backend/YemenBooking.Infrastructure/Redis/Core/Interfaces/IHealthCheckService.cs(60,23): warning CS8618: Non-nullable property 'ComponentName' must contain a non-null value when exiting constructor. Consider adding the 'required' modifier or declaring the property as nullable. [/home/ameen/Desktop/BOOKIN/BOOKIN/backend/YemenBooking.Infrastructure/YemenBooking.Infrastructure.csproj]
/home/ameen/Desktop/BOOKIN/BOOKIN/backend/YemenBooking.Infrastructure/Redis/Core/Interfaces/IHealthCheckService.cs(62,23): warning CS8618: Non-nullable property 'Message' must contain a non-null value when exiting constructor. Consider adding the 'required' modifier or declaring the property as nullable. [/home/ameen/Desktop/BOOKIN/BOOKIN/backend/YemenBooking.Infrastructure/YemenBooking.Infrastructure.csproj]
/home/ameen/Desktop/BOOKIN/BOOKIN/backend/YemenBooking.Infrastructure/Repositories/ChartOfAccountRepository.cs(55,16): warning CS8603: Possible null reference return. [/home/ameen/Desktop/BOOKIN/BOOKIN/backend/YemenBooking.Infrastructure/YemenBooking.Infrastructure.csproj]
/home/ameen/Desktop/BOOKIN/BOOKIN/backend/YemenBooking.Infrastructure/Redis/Core/Interfaces/IHealthCheckService.cs(39,23): warning CS8618: Non-nullable property 'Description' must contain a non-null value when exiting constructor. Consider adding the 'required' modifier or declaring the property as nullable. [/home/ameen/Desktop/BOOKIN/BOOKIN/backend/YemenBooking.Infrastructure/YemenBooking.Infrastructure.csproj]
/home/ameen/Desktop/BOOKIN/BOOKIN/backend/YemenBooking.Infrastructure/Redis/Indexing/UltraOptimizedSearchEngine.cs(359,31): warning CS8600: Converting null literal or possible null value to non-nullable type. [/home/ameen/Desktop/BOOKIN/BOOKIN/backend/YemenBooking.Infrastructure/YemenBooking.Infrastructure.csproj]
/home/ameen/Desktop/BOOKIN/BOOKIN/backend/YemenBooking.Infrastructure/Redis/Indexing/UltraOptimizedSearchEngine.cs(362,33): warning CS8602: Dereference of a possibly null reference. [/home/ameen/Desktop/BOOKIN/BOOKIN/backend/YemenBooking.Infrastructure/YemenBooking.Infrastructure.csproj]
/home/ameen/Desktop/BOOKIN/BOOKIN/backend/YemenBooking.Infrastructure/Repositories/ChartOfAccountRepository.cs(117,16): warning CS8603: Possible null reference return. [/home/ameen/Desktop/BOOKIN/BOOKIN/backend/YemenBooking.Infrastructure/YemenBooking.Infrastructure.csproj]
/home/ameen/Desktop/BOOKIN/BOOKIN/backend/YemenBooking.Infrastructure/Repositories/ChartOfAccountRepository.cs(127,16): warning CS8603: Possible null reference return. [/home/ameen/Desktop/BOOKIN/BOOKIN/backend/YemenBooking.Infrastructure/YemenBooking.Infrastructure.csproj]
/home/ameen/Desktop/BOOKIN/BOOKIN/backend/YemenBooking.Infrastructure/Data/Configurations/UnitConfiguration.cs(56,32): error CS1061: 'Unit' does not contain a definition for 'UnitAvailabilities' and no accessible extension method 'UnitAvailabilities' accepting a first argument of type 'Unit' could be found (are you missing a using directive or an assembly reference?) [/home/ameen/Desktop/BOOKIN/BOOKIN/backend/YemenBooking.Infrastructure/YemenBooking.Infrastructure.csproj]
/home/ameen/Desktop/BOOKIN/BOOKIN/backend/YemenBooking.Infrastructure/Repositories/UnitRepository.cs(146,20): warning CS8603: Possible null reference return. [/home/ameen/Desktop/BOOKIN/BOOKIN/backend/YemenBooking.Infrastructure/YemenBooking.Infrastructure.csproj]
/home/ameen/Desktop/BOOKIN/BOOKIN/backend/YemenBooking.Infrastructure/Repositories/UnitRepository.cs(151,20): warning CS8603: Possible null reference return. [/home/ameen/Desktop/BOOKIN/BOOKIN/backend/YemenBooking.Infrastructure/YemenBooking.Infrastructure.csproj]
/home/ameen/Desktop/BOOKIN/BOOKIN/backend/YemenBooking.Infrastructure/Repositories/ChartOfAccountRepository.cs(299,16): warning CS8603: Possible null reference return. [/home/ameen/Desktop/BOOKIN/BOOKIN/backend/YemenBooking.Infrastructure/YemenBooking.Infrastructure.csproj]
/home/ameen/Desktop/BOOKIN/BOOKIN/backend/YemenBooking.Infrastructure/Postgres/Indexing/PostgresUnitIndexingService.cs(184,41): warning CS1998: This async method lacks 'await' operators and will run synchronously. Consider using the 'await' operator to await non-blocking API calls, or 'await Task.Run(...)' to do CPU-bound work on a background thread. [/home/ameen/Desktop/BOOKIN/BOOKIN/backend/YemenBooking.Infrastructure/YemenBooking.Infrastructure.csproj]
/home/ameen/Desktop/BOOKIN/BOOKIN/backend/YemenBooking.Infrastructure/Postgres/Indexing/PostgresUnitIndexingService.cs(205,54): warning CS1998: This async method lacks 'await' operators and will run synchronously. Consider using the 'await' operator to await non-blocking API calls, or 'await Task.Run(...)' to do CPU-bound work on a background thread. [/home/ameen/Desktop/BOOKIN/BOOKIN/backend/YemenBooking.Infrastructure/YemenBooking.Infrastructure.csproj]
/home/ameen/Desktop/BOOKIN/BOOKIN/backend/YemenBooking.Infrastructure/Postgres/Indexing/PostgresUnitIndexingService.cs(413,59): error CS1061: 'YemenBookingDbContext' does not contain a definition for 'UnitAvailabilities' and no accessible extension method 'UnitAvailabilities' accepting a first argument of type 'YemenBookingDbContext' could be found (are you missing a using directive or an assembly reference?) [/home/ameen/Desktop/BOOKIN/BOOKIN/backend/YemenBooking.Infrastructure/YemenBooking.Infrastructure.csproj]
/home/ameen/Desktop/BOOKIN/BOOKIN/backend/YemenBooking.Infrastructure/Postgres/Indexing/PostgresUnitIndexingService.cs(416,55): error CS1061: 'YemenBookingDbContext' does not contain a definition for 'UnitAvailabilities' and no accessible extension method 'UnitAvailabilities' accepting a first argument of type 'YemenBookingDbContext' could be found (are you missing a using directive or an assembly reference?) [/home/ameen/Desktop/BOOKIN/BOOKIN/backend/YemenBooking.Infrastructure/YemenBooking.Infrastructure.csproj]
/home/ameen/Desktop/BOOKIN/BOOKIN/backend/YemenBooking.Infrastructure/Postgres/Indexing/PostgresUnitIndexingService.cs(419,56): error CS0030: Cannot convert type 'method' to 'object' [/home/ameen/Desktop/BOOKIN/BOOKIN/backend/YemenBooking.Infrastructure/YemenBooking.Infrastructure.csproj]
/home/ameen/Desktop/BOOKIN/BOOKIN/backend/YemenBooking.Infrastructure/Postgres/Indexing/PostgresUnitIndexingService.cs(424,56): error CS0246: The type or namespace name 'PricingRule' could not be found (are you missing a using directive or an assembly reference?) [/home/ameen/Desktop/BOOKIN/BOOKIN/backend/YemenBooking.Infrastructure/YemenBooking.Infrastructure.csproj]
/home/ameen/Desktop/BOOKIN/BOOKIN/backend/YemenBooking.Infrastructure/Redis/Indexing/OptimizedUnitIndexingService.cs(977,35): warning CS8601: Possible null reference assignment. [/home/ameen/Desktop/BOOKIN/BOOKIN/backend/YemenBooking.Infrastructure/YemenBooking.Infrastructure.csproj]
/home/ameen/Desktop/BOOKIN/BOOKIN/backend/YemenBooking.Infrastructure/Data/Configurations/ReviewConfiguration.cs(101,9): warning CS0618: 'RelationalEntityTypeBuilderExtensions.HasCheckConstraint<TEntity>(EntityTypeBuilder<TEntity>, string, string?)' is obsolete: 'Configure this using ToTable(t => t.HasCheckConstraint()) instead.' [/home/ameen/Desktop/BOOKIN/BOOKIN/backend/YemenBooking.Infrastructure/YemenBooking.Infrastructure.csproj]
/home/ameen/Desktop/BOOKIN/BOOKIN/backend/YemenBooking.Infrastructure/Data/Configurations/ReviewConfiguration.cs(102,9): warning CS0618: 'RelationalEntityTypeBuilderExtensions.HasCheckConstraint<TEntity>(EntityTypeBuilder<TEntity>, string, string?)' is obsolete: 'Configure this using ToTable(t => t.HasCheckConstraint()) instead.' [/home/ameen/Desktop/BOOKIN/BOOKIN/backend/YemenBooking.Infrastructure/YemenBooking.Infrastructure.csproj]
/home/ameen/Desktop/BOOKIN/BOOKIN/backend/YemenBooking.Infrastructure/Data/Configurations/ReviewConfiguration.cs(103,9): warning CS0618: 'RelationalEntityTypeBuilderExtensions.HasCheckConstraint<TEntity>(EntityTypeBuilder<TEntity>, string, string?)' is obsolete: 'Configure this using ToTable(t => t.HasCheckConstraint()) instead.' [/home/ameen/Desktop/BOOKIN/BOOKIN/backend/YemenBooking.Infrastructure/YemenBooking.Infrastructure.csproj]
/home/ameen/Desktop/BOOKIN/BOOKIN/backend/YemenBooking.Infrastructure/Data/Configurations/ReviewConfiguration.cs(104,9): warning CS0618: 'RelationalEntityTypeBuilderExtensions.HasCheckConstraint<TEntity>(EntityTypeBuilder<TEntity>, string, string?)' is obsolete: 'Configure this using ToTable(t => t.HasCheckConstraint()) instead.' [/home/ameen/Desktop/BOOKIN/BOOKIN/backend/YemenBooking.Infrastructure/YemenBooking.Infrastructure.csproj]
/home/ameen/Desktop/BOOKIN/BOOKIN/backend/YemenBooking.Infrastructure/Redis/Indexing/OptimizedUnitIndexingService.cs(1023,34): warning CS0618: 'RedisResult.Type' is obsolete: 'Please use either Resp2Type (simplified) or Resp3Type (full)' [/home/ameen/Desktop/BOOKIN/BOOKIN/backend/YemenBooking.Infrastructure/YemenBooking.Infrastructure.csproj]
/home/ameen/Desktop/BOOKIN/BOOKIN/backend/YemenBooking.Infrastructure/Redis/Indexing/OptimizedUnitIndexingService.cs(1023,49): warning CS0618: 'ResultType.MultiBulk' is obsolete: 'Please use Array' [/home/ameen/Desktop/BOOKIN/BOOKIN/backend/YemenBooking.Infrastructure/YemenBooking.Infrastructure.csproj]
/home/ameen/Desktop/BOOKIN/BOOKIN/backend/YemenBooking.Infrastructure/Redis/Indexing/OptimizedUnitIndexingService.cs(1034,17): warning CS0618: 'RedisResult.Type' is obsolete: 'Please use either Resp2Type (simplified) or Resp3Type (full)' [/home/ameen/Desktop/BOOKIN/BOOKIN/backend/YemenBooking.Infrastructure/YemenBooking.Infrastructure.csproj]
/home/ameen/Desktop/BOOKIN/BOOKIN/backend/YemenBooking.Infrastructure/Redis/Indexing/OptimizedUnitIndexingService.cs(1034,40): warning CS0618: 'ResultType.MultiBulk' is obsolete: 'Please use Array' [/home/ameen/Desktop/BOOKIN/BOOKIN/backend/YemenBooking.Infrastructure/YemenBooking.Infrastructure.csproj]
/home/ameen/Desktop/BOOKIN/BOOKIN/backend/YemenBooking.Infrastructure/Redis/Indexing/OptimizedUnitIndexingService.cs(1026,31): warning CS8600: Converting null literal or possible null value to non-nullable type. [/home/ameen/Desktop/BOOKIN/BOOKIN/backend/YemenBooking.Infrastructure/YemenBooking.Infrastructure.csproj]
/home/ameen/Desktop/BOOKIN/BOOKIN/backend/YemenBooking.Infrastructure/Redis/Indexing/OptimizedUnitIndexingService.cs(1027,17): warning CS8602: Dereference of a possibly null reference. [/home/ameen/Desktop/BOOKIN/BOOKIN/backend/YemenBooking.Infrastructure/YemenBooking.Infrastructure.csproj]
/home/ameen/Desktop/BOOKIN/BOOKIN/backend/YemenBooking.Infrastructure/Redis/Indexing/OptimizedUnitIndexingService.cs(1036,33): warning CS8600: Converting null literal or possible null value to non-nullable type. [/home/ameen/Desktop/BOOKIN/BOOKIN/backend/YemenBooking.Infrastructure/YemenBooking.Infrastructure.csproj]
/home/ameen/Desktop/BOOKIN/BOOKIN/backend/YemenBooking.Infrastructure/Redis/Indexing/OptimizedUnitIndexingService.cs(1037,37): warning CS8602: Dereference of a possibly null reference. [/home/ameen/Desktop/BOOKIN/BOOKIN/backend/YemenBooking.Infrastructure/YemenBooking.Infrastructure.csproj]
/home/ameen/Desktop/BOOKIN/BOOKIN/backend/YemenBooking.Infrastructure/Redis/Indexing/OptimizedUnitIndexingService.cs(1074,29): error CS1061: 'Unit' does not contain a definition for 'UnitAvailabilities' and no accessible extension method 'UnitAvailabilities' accepting a first argument of type 'Unit' could be found (are you missing a using directive or an assembly reference?) [/home/ameen/Desktop/BOOKIN/BOOKIN/backend/YemenBooking.Infrastructure/YemenBooking.Infrastructure.csproj]
/home/ameen/Desktop/BOOKIN/BOOKIN/backend/YemenBooking.Infrastructure/Redis/Indexing/OptimizedUnitIndexingService.cs(1102,13): error CS0117: 'UnitFullData' does not contain a definition for 'Availabilities' [/home/ameen/Desktop/BOOKIN/BOOKIN/backend/YemenBooking.Infrastructure/YemenBooking.Infrastructure.csproj]
/home/ameen/Desktop/BOOKIN/BOOKIN/backend/YemenBooking.Infrastructure/Redis/Indexing/OptimizedUnitIndexingService.cs(1103,13): error CS0117: 'UnitFullData' does not contain a definition for 'PricingRules' [/home/ameen/Desktop/BOOKIN/BOOKIN/backend/YemenBooking.Infrastructure/YemenBooking.Infrastructure.csproj]
/home/ameen/Desktop/BOOKIN/BOOKIN/backend/YemenBooking.Infrastructure/Services/NotificationChannelService.cs(480,40): warning CS8601: Possible null reference assignment. [/home/ameen/Desktop/BOOKIN/BOOKIN/backend/YemenBooking.Infrastructure/YemenBooking.Infrastructure.csproj]
/home/ameen/Desktop/BOOKIN/BOOKIN/backend/YemenBooking.Infrastructure/Services/MediaMetadataService.cs(24,33): warning CS1998: This async method lacks 'await' operators and will run synchronously. Consider using the 'await' operator to await non-blocking API calls, or 'await Task.Run(...)' to do CPU-bound work on a background thread. [/home/ameen/Desktop/BOOKIN/BOOKIN/backend/YemenBooking.Infrastructure/YemenBooking.Infrastructure.csproj]
/home/ameen/Desktop/BOOKIN/BOOKIN/backend/YemenBooking.Infrastructure/Services/ImageProcessingService.cs(633,30): warning CS1998: This async method lacks 'await' operators and will run synchronously. Consider using the 'await' operator to await non-blocking API calls, or 'await Task.Run(...)' to do CPU-bound work on a background thread. [/home/ameen/Desktop/BOOKIN/BOOKIN/backend/YemenBooking.Infrastructure/YemenBooking.Infrastructure.csproj]
/home/ameen/Desktop/BOOKIN/BOOKIN/backend/YemenBooking.Infrastructure/Services/GeolocationService.cs(59,41): warning CS8603: Possible null reference return. [/home/ameen/Desktop/BOOKIN/BOOKIN/backend/YemenBooking.Infrastructure/YemenBooking.Infrastructure.csproj]
/home/ameen/Desktop/BOOKIN/BOOKIN/backend/YemenBooking.Infrastructure/Services/GeolocationService.cs(85,20): warning CS8603: Possible null reference return. [/home/ameen/Desktop/BOOKIN/BOOKIN/backend/YemenBooking.Infrastructure/YemenBooking.Infrastructure.csproj]
/home/ameen/Desktop/BOOKIN/BOOKIN/backend/YemenBooking.Infrastructure/Services/GeolocationService.cs(170,24): warning CS8603: Possible null reference return. [/home/ameen/Desktop/BOOKIN/BOOKIN/backend/YemenBooking.Infrastructure/YemenBooking.Infrastructure.csproj]
/home/ameen/Desktop/BOOKIN/BOOKIN/backend/YemenBooking.Infrastructure/Services/AvailabilityService.cs(208,32): error CS0246: The type or namespace name 'UnitAvailability' could not be found (are you missing a using directive or an assembly reference?) [/home/ameen/Desktop/BOOKIN/BOOKIN/backend/YemenBooking.Infrastructure/YemenBooking.Infrastructure.csproj]
/home/ameen/Desktop/BOOKIN/BOOKIN/backend/YemenBooking.Infrastructure/Services/AvailabilityService.cs(220,15): error CS0103: The name '_availabilityRepository' does not exist in the current context [/home/ameen/Desktop/BOOKIN/BOOKIN/backend/YemenBooking.Infrastructure/YemenBooking.Infrastructure.csproj]
/home/ameen/Desktop/BOOKIN/BOOKIN/backend/YemenBooking.Infrastructure/Services/AvailabilityService.cs(221,15): error CS0103: The name '_availabilityRepository' does not exist in the current context [/home/ameen/Desktop/BOOKIN/BOOKIN/backend/YemenBooking.Infrastructure/YemenBooking.Infrastructure.csproj]
/home/ameen/Desktop/BOOKIN/BOOKIN/backend/YemenBooking.Infrastructure/Services/GeolocationService.cs(344,36): warning CS8600: Converting null literal or possible null value to non-nullable type. [/home/ameen/Desktop/BOOKIN/BOOKIN/backend/YemenBooking.Infrastructure/YemenBooking.Infrastructure.csproj]
/home/ameen/Desktop/BOOKIN/BOOKIN/backend/YemenBooking.Infrastructure/Services/GeolocationService.cs(367,20): warning CS8603: Possible null reference return. [/home/ameen/Desktop/BOOKIN/BOOKIN/backend/YemenBooking.Infrastructure/YemenBooking.Infrastructure.csproj]
/home/ameen/Desktop/BOOKIN/BOOKIN/backend/YemenBooking.Infrastructure/Services/AvailabilityService.cs(226,25): error CS0103: The name '_availabilityRepository' does not exist in the current context [/home/ameen/Desktop/BOOKIN/BOOKIN/backend/YemenBooking.Infrastructure/YemenBooking.Infrastructure.csproj]
/home/ameen/Desktop/BOOKIN/BOOKIN/backend/YemenBooking.Infrastructure/Services/AvailabilityService.cs(233,19): error CS0103: The name '_availabilityRepository' does not exist in the current context [/home/ameen/Desktop/BOOKIN/BOOKIN/backend/YemenBooking.Infrastructure/YemenBooking.Infrastructure.csproj]
/home/ameen/Desktop/BOOKIN/BOOKIN/backend/YemenBooking.Infrastructure/Services/AvailabilityService.cs(235,15): error CS0103: The name '_availabilityRepository' does not exist in the current context [/home/ameen/Desktop/BOOKIN/BOOKIN/backend/YemenBooking.Infrastructure/YemenBooking.Infrastructure.csproj]
/home/ameen/Desktop/BOOKIN/BOOKIN/backend/YemenBooking.Infrastructure/Services/AvailabilityService.cs(240,22): error CS0103: The name '_availabilityRepository' does not exist in the current context [/home/ameen/Desktop/BOOKIN/BOOKIN/backend/YemenBooking.Infrastructure/YemenBooking.Infrastructure.csproj]
/home/ameen/Desktop/BOOKIN/BOOKIN/backend/YemenBooking.Infrastructure/Services/AvailabilityService.cs(245,39): error CS0246: The type or namespace name 'UnitAvailability' could not be found (are you missing a using directive or an assembly reference?) [/home/ameen/Desktop/BOOKIN/BOOKIN/backend/YemenBooking.Infrastructure/YemenBooking.Infrastructure.csproj]
/home/ameen/Desktop/BOOKIN/BOOKIN/backend/YemenBooking.Infrastructure/Services/AvailabilityService.cs(252,23): error CS0103: The name '_availabilityRepository' does not exist in the current context [/home/ameen/Desktop/BOOKIN/BOOKIN/backend/YemenBooking.Infrastructure/YemenBooking.Infrastructure.csproj]
/home/ameen/Desktop/BOOKIN/BOOKIN/backend/YemenBooking.Infrastructure/Services/AvailabilityService.cs(255,36): error CS0246: The type or namespace name 'UnitAvailability' could not be found (are you missing a using directive or an assembly reference?) [/home/ameen/Desktop/BOOKIN/BOOKIN/backend/YemenBooking.Infrastructure/YemenBooking.Infrastructure.csproj]
/home/ameen/Desktop/BOOKIN/BOOKIN/backend/YemenBooking.Infrastructure/Services/AvailabilityService.cs(271,15): error CS0103: The name '_availabilityRepository' does not exist in the current context [/home/ameen/Desktop/BOOKIN/BOOKIN/backend/YemenBooking.Infrastructure/YemenBooking.Infrastructure.csproj]
/home/ameen/Desktop/BOOKIN/BOOKIN/backend/YemenBooking.Infrastructure/Services/GeolocationService.cs(380,28): warning CS8603: Possible null reference return. [/home/ameen/Desktop/BOOKIN/BOOKIN/backend/YemenBooking.Infrastructure/YemenBooking.Infrastructure.csproj]
/home/ameen/Desktop/BOOKIN/BOOKIN/backend/YemenBooking.Infrastructure/Services/GeolocationService.cs(389,36): warning CS8600: Converting null literal or possible null value to non-nullable type. [/home/ameen/Desktop/BOOKIN/BOOKIN/backend/YemenBooking.Infrastructure/YemenBooking.Infrastructure.csproj]
/home/ameen/Desktop/BOOKIN/BOOKIN/backend/YemenBooking.Infrastructure/Services/GeolocationService.cs(393,35): warning CS8602: Dereference of a possibly null reference. [/home/ameen/Desktop/BOOKIN/BOOKIN/backend/YemenBooking.Infrastructure/YemenBooking.Infrastructure.csproj]
/home/ameen/Desktop/BOOKIN/BOOKIN/backend/YemenBooking.Infrastructure/Services/GeolocationService.cs(396,38): warning CS8601: Possible null reference assignment. [/home/ameen/Desktop/BOOKIN/BOOKIN/backend/YemenBooking.Infrastructure/YemenBooking.Infrastructure.csproj]
/home/ameen/Desktop/BOOKIN/BOOKIN/backend/YemenBooking.Infrastructure/Services/GeolocationService.cs(410,20): warning CS8603: Possible null reference return. [/home/ameen/Desktop/BOOKIN/BOOKIN/backend/YemenBooking.Infrastructure/YemenBooking.Infrastructure.csproj]
/home/ameen/Desktop/BOOKIN/BOOKIN/backend/YemenBooking.Infrastructure/Services/ExportService.cs(42,41): warning CS1998: This async method lacks 'await' operators and will run synchronously. Consider using the 'await' operator to await non-blocking API calls, or 'await Task.Run(...)' to do CPU-bound work on a background thread. [/home/ameen/Desktop/BOOKIN/BOOKIN/backend/YemenBooking.Infrastructure/YemenBooking.Infrastructure.csproj]
/home/ameen/Desktop/BOOKIN/BOOKIN/backend/YemenBooking.Infrastructure/Services/ExportService.cs(89,41): warning CS1998: This async method lacks 'await' operators and will run synchronously. Consider using the 'await' operator to await non-blocking API calls, or 'await Task.Run(...)' to do CPU-bound work on a background thread. [/home/ameen/Desktop/BOOKIN/BOOKIN/backend/YemenBooking.Infrastructure/YemenBooking.Infrastructure.csproj]
/home/ameen/Desktop/BOOKIN/BOOKIN/backend/YemenBooking.Infrastructure/Services/DomainEventDispatcher.cs(77,34): warning CS8602: Dereference of a possibly null reference. [/home/ameen/Desktop/BOOKIN/BOOKIN/backend/YemenBooking.Infrastructure/YemenBooking.Infrastructure.csproj]
/home/ameen/Desktop/BOOKIN/BOOKIN/backend/YemenBooking.Infrastructure/Services/DomainEventDispatcher.cs(77,28): warning CS8600: Converting null literal or possible null value to non-nullable type. [/home/ameen/Desktop/BOOKIN/BOOKIN/backend/YemenBooking.Infrastructure/YemenBooking.Infrastructure.csproj]
/home/ameen/Desktop/BOOKIN/BOOKIN/backend/YemenBooking.Infrastructure/Services/DomainEventDispatcher.cs(80,36): warning CS8620: Argument of type 'IEnumerable<Task?>' cannot be used for parameter 'tasks' of type 'IEnumerable<Task>' in 'Task Task.WhenAll(IEnumerable<Task> tasks)' due to differences in the nullability of reference types. [/home/ameen/Desktop/BOOKIN/BOOKIN/backend/YemenBooking.Infrastructure/YemenBooking.Infrastructure.csproj]
/home/ameen/Desktop/BOOKIN/BOOKIN/backend/YemenBooking.Infrastructure/Services/ExportService.cs(187,41): warning CS1998: This async method lacks 'await' operators and will run synchronously. Consider using the 'await' operator to await non-blocking API calls, or 'await Task.Run(...)' to do CPU-bound work on a background thread. [/home/ameen/Desktop/BOOKIN/BOOKIN/backend/YemenBooking.Infrastructure/YemenBooking.Infrastructure.csproj]
/home/ameen/Desktop/BOOKIN/BOOKIN/backend/YemenBooking.Infrastructure/Services/CurrentUserService.cs(202,24): warning CS8603: Possible null reference return. [/home/ameen/Desktop/BOOKIN/BOOKIN/backend/YemenBooking.Infrastructure/YemenBooking.Infrastructure.csproj]
/home/ameen/Desktop/BOOKIN/BOOKIN/backend/YemenBooking.Infrastructure/Services/ExportService.cs(305,41): warning CS1998: This async method lacks 'await' operators and will run synchronously. Consider using the 'await' operator to await non-blocking API calls, or 'await Task.Run(...)' to do CPU-bound work on a background thread. [/home/ameen/Desktop/BOOKIN/BOOKIN/backend/YemenBooking.Infrastructure/YemenBooking.Infrastructure.csproj]
/home/ameen/Desktop/BOOKIN/BOOKIN/backend/YemenBooking.Infrastructure/Services/ExportService.cs(337,41): warning CS1998: This async method lacks 'await' operators and will run synchronously. Consider using the 'await' operator to await non-blocking API calls, or 'await Task.Run(...)' to do CPU-bound work on a background thread. [/home/ameen/Desktop/BOOKIN/BOOKIN/backend/YemenBooking.Infrastructure/YemenBooking.Infrastructure.csproj]
/home/ameen/Desktop/BOOKIN/BOOKIN/backend/YemenBooking.Infrastructure/Services/CurrencySettingsService.cs(133,48): error CS1061: 'YemenBookingDbContext' does not contain a definition for 'PricingRules' and no accessible extension method 'PricingRules' accepting a first argument of type 'YemenBookingDbContext' could be found (are you missing a using directive or an assembly reference?) [/home/ameen/Desktop/BOOKIN/BOOKIN/backend/YemenBooking.Infrastructure/YemenBooking.Infrastructure.csproj]
/home/ameen/Desktop/BOOKIN/BOOKIN/backend/YemenBooking.Infrastructure/Services/CurrencySettingsService.cs(134,34): error CS1061: 'TEntity' does not contain a definition for 'Currency' and no accessible extension method 'Currency' accepting a first argument of type 'TEntity' could be found (are you missing a using directive or an assembly reference?) [/home/ameen/Desktop/BOOKIN/BOOKIN/backend/YemenBooking.Infrastructure/YemenBooking.Infrastructure.csproj]
/home/ameen/Desktop/BOOKIN/BOOKIN/backend/YemenBooking.Infrastructure/Services/CurrencySettingsService.cs(134,63): error CS1061: 'TEntity' does not contain a definition for 'IsDeleted' and no accessible extension method 'IsDeleted' accepting a first argument of type 'TEntity' could be found (are you missing a using directive or an assembly reference?) [/home/ameen/Desktop/BOOKIN/BOOKIN/backend/YemenBooking.Infrastructure/YemenBooking.Infrastructure.csproj]
/home/ameen/Desktop/BOOKIN/BOOKIN/backend/YemenBooking.Infrastructure/Postgres/Indexing/PostgresUnitIndexingService.cs(270,45): warning EF1002: Method 'ExecuteSqlRawAsync' inserts interpolated strings directly into the SQL, without any protection against SQL injection. Consider using 'ExecuteSqlAsync' instead, which protects against SQL injection, or make sure that the value is sanitized and suppress the warning. [/home/ameen/Desktop/BOOKIN/BOOKIN/backend/YemenBooking.Infrastructure/YemenBooking.Infrastructure.csproj]

Build FAILED.

/home/ameen/Desktop/BOOKIN/BOOKIN/backend/YemenBooking.Infrastructure/YemenBooking.Infrastructure.csproj : warning NU1902: Package 'SixLabors.ImageSharp' 3.1.10 has a known moderate severity vulnerability, https://github.com/advisories/GHSA-rxmq-m78w-7wmc [/home/ameen/Desktop/BOOKIN/BOOKIN/backend/backend.sln]
/home/ameen/Desktop/BOOKIN/BOOKIN/backend/YemenBooking.Infrastructure/YemenBooking.Infrastructure.csproj : warning NU1902: Package 'SixLabors.ImageSharp' 3.1.10 has a known moderate severity vulnerability, https://github.com/advisories/GHSA-rxmq-m78w-7wmc
/home/ameen/Desktop/BOOKIN/BOOKIN/backend/YemenBooking.Infrastructure/Repositories/UserRepository.cs(9,7): warning CS0105: The using directive for 'YemenBooking.Core.Interfaces.Repositories' appeared previously in this namespace [/home/ameen/Desktop/BOOKIN/BOOKIN/backend/YemenBooking.Infrastructure/YemenBooking.Infrastructure.csproj]
/home/ameen/Desktop/BOOKIN/BOOKIN/backend/YemenBooking.Infrastructure/Services/ImageProcessingService.cs(16,7): warning CS0105: The using directive for 'YemenBooking.Application.Infrastructure.Services' appeared previously in this namespace [/home/ameen/Desktop/BOOKIN/BOOKIN/backend/YemenBooking.Infrastructure/YemenBooking.Infrastructure.csproj]
/home/ameen/Desktop/BOOKIN/BOOKIN/backend/YemenBooking.Infrastructure/Services/NotificationService.cs(14,7): warning CS0105: The using directive for 'YemenBooking.Application.Infrastructure.Services' appeared previously in this namespace [/home/ameen/Desktop/BOOKIN/BOOKIN/backend/YemenBooking.Infrastructure/YemenBooking.Infrastructure.csproj]
/home/ameen/Desktop/BOOKIN/BOOKIN/backend/YemenBooking.Infrastructure/Redis/Monitoring/HealthCheckService.cs(342,174): warning CS8625: Cannot convert null literal to non-nullable reference type. [/home/ameen/Desktop/BOOKIN/BOOKIN/backend/YemenBooking.Infrastructure/YemenBooking.Infrastructure.csproj]
/home/ameen/Desktop/BOOKIN/BOOKIN/backend/YemenBooking.Infrastructure/Redis/Monitoring/HealthCheckService.cs(357,175): warning CS8625: Cannot convert null literal to non-nullable reference type. [/home/ameen/Desktop/BOOKIN/BOOKIN/backend/YemenBooking.Infrastructure/YemenBooking.Infrastructure.csproj]
/home/ameen/Desktop/BOOKIN/BOOKIN/backend/YemenBooking.Infrastructure/Redis/Monitoring/HealthCheckService.cs(372,176): warning CS8625: Cannot convert null literal to non-nullable reference type. [/home/ameen/Desktop/BOOKIN/BOOKIN/backend/YemenBooking.Infrastructure/YemenBooking.Infrastructure.csproj]
/home/ameen/Desktop/BOOKIN/BOOKIN/backend/YemenBooking.Infrastructure/Repositories/ChartOfAccountRepository.cs(20,44): warning CS0108: 'ChartOfAccountRepository._context' hides inherited member 'BaseRepository<ChartOfAccount>._context'. Use the new keyword if hiding was intended. [/home/ameen/Desktop/BOOKIN/BOOKIN/backend/YemenBooking.Infrastructure/YemenBooking.Infrastructure.csproj]
/home/ameen/Desktop/BOOKIN/BOOKIN/backend/YemenBooking.Infrastructure/Repositories/ChartOfAccountRepository.cs(214,39): warning CS0108: 'ChartOfAccountRepository.AddAsync(ChartOfAccount, CancellationToken)' hides inherited member 'BaseRepository<ChartOfAccount>.AddAsync(ChartOfAccount, CancellationToken)'. Use the new keyword if hiding was intended. [/home/ameen/Desktop/BOOKIN/BOOKIN/backend/YemenBooking.Infrastructure/YemenBooking.Infrastructure.csproj]
/home/ameen/Desktop/BOOKIN/BOOKIN/backend/YemenBooking.Infrastructure/Services/GeolocationService.cs(135,84): warning CS8625: Cannot convert null literal to non-nullable reference type. [/home/ameen/Desktop/BOOKIN/BOOKIN/backend/YemenBooking.Infrastructure/YemenBooking.Infrastructure.csproj]
/home/ameen/Desktop/BOOKIN/BOOKIN/backend/YemenBooking.Infrastructure/Services/GeolocationService.cs(198,82): warning CS8625: Cannot convert null literal to non-nullable reference type. [/home/ameen/Desktop/BOOKIN/BOOKIN/backend/YemenBooking.Infrastructure/YemenBooking.Infrastructure.csproj]
/home/ameen/Desktop/BOOKIN/BOOKIN/backend/YemenBooking.Infrastructure/Services/GeolocationService.cs(249,82): warning CS8625: Cannot convert null literal to non-nullable reference type. [/home/ameen/Desktop/BOOKIN/BOOKIN/backend/YemenBooking.Infrastructure/YemenBooking.Infrastructure.csproj]
/home/ameen/Desktop/BOOKIN/BOOKIN/backend/YemenBooking.Infrastructure/Repositories/UnitInSectionImageRepository.cs(27,43): warning CS0108: 'UnitInSectionImageRepository.UpdateAsync(UnitInSectionImage, CancellationToken)' hides inherited member 'BaseRepository<UnitInSectionImage>.UpdateAsync(UnitInSectionImage, CancellationToken)'. Use the new keyword if hiding was intended. [/home/ameen/Desktop/BOOKIN/BOOKIN/backend/YemenBooking.Infrastructure/YemenBooking.Infrastructure.csproj]
/home/ameen/Desktop/BOOKIN/BOOKIN/backend/YemenBooking.Infrastructure/Repositories/UnitInSectionImageRepository.cs(34,29): warning CS0108: 'UnitInSectionImageRepository.DeleteAsync(Guid, CancellationToken)' hides inherited member 'BaseRepository<UnitInSectionImage>.DeleteAsync(Guid, CancellationToken)'. Use the new keyword if hiding was intended. [/home/ameen/Desktop/BOOKIN/BOOKIN/backend/YemenBooking.Infrastructure/YemenBooking.Infrastructure.csproj]
/home/ameen/Desktop/BOOKIN/BOOKIN/backend/YemenBooking.Infrastructure/Repositories/ReviewResponseRepository.cs(32,33): warning CS0108: 'ReviewResponseRepository.DeleteAsync(Guid, CancellationToken)' hides inherited member 'BaseRepository<ReviewResponse>.DeleteAsync(Guid, CancellationToken)'. Use the new keyword if hiding was intended. [/home/ameen/Desktop/BOOKIN/BOOKIN/backend/YemenBooking.Infrastructure/YemenBooking.Infrastructure.csproj]
/home/ameen/Desktop/BOOKIN/BOOKIN/backend/YemenBooking.Infrastructure/Repositories/SectionImageRepository.cs(27,37): warning CS0108: 'SectionImageRepository.UpdateAsync(SectionImage, CancellationToken)' hides inherited member 'BaseRepository<SectionImage>.UpdateAsync(SectionImage, CancellationToken)'. Use the new keyword if hiding was intended. [/home/ameen/Desktop/BOOKIN/BOOKIN/backend/YemenBooking.Infrastructure/YemenBooking.Infrastructure.csproj]
/home/ameen/Desktop/BOOKIN/BOOKIN/backend/YemenBooking.Infrastructure/Repositories/SectionImageRepository.cs(34,29): warning CS0108: 'SectionImageRepository.DeleteAsync(Guid, CancellationToken)' hides inherited member 'BaseRepository<SectionImage>.DeleteAsync(Guid, CancellationToken)'. Use the new keyword if hiding was intended. [/home/ameen/Desktop/BOOKIN/BOOKIN/backend/YemenBooking.Infrastructure/YemenBooking.Infrastructure.csproj]
/home/ameen/Desktop/BOOKIN/BOOKIN/backend/YemenBooking.Infrastructure/Repositories/UserSettingsRepository.cs(41,33): warning CS0108: 'UserSettingsRepository.DeleteAsync(Guid, CancellationToken)' hides inherited member 'BaseRepository<UserSettings>.DeleteAsync(Guid, CancellationToken)'. Use the new keyword if hiding was intended. [/home/ameen/Desktop/BOOKIN/BOOKIN/backend/YemenBooking.Infrastructure/YemenBooking.Infrastructure.csproj]
/home/ameen/Desktop/BOOKIN/BOOKIN/backend/YemenBooking.Infrastructure/Repositories/UserSettingsRepository.cs(66,33): warning CS0108: 'UserSettingsRepository.ExistsAsync(Guid, CancellationToken)' hides inherited member 'BaseRepository<UserSettings>.ExistsAsync(Guid, CancellationToken)'. Use the new keyword if hiding was intended. [/home/ameen/Desktop/BOOKIN/BOOKIN/backend/YemenBooking.Infrastructure/YemenBooking.Infrastructure.csproj]
/home/ameen/Desktop/BOOKIN/BOOKIN/backend/YemenBooking.Infrastructure/Repositories/UserSettingsRepository.cs(71,36): warning CS0108: 'UserSettingsRepository.GetByIdAsync(Guid, CancellationToken)' hides inherited member 'BaseRepository<UserSettings>.GetByIdAsync(Guid, CancellationToken)'. Use the new keyword if hiding was intended. [/home/ameen/Desktop/BOOKIN/BOOKIN/backend/YemenBooking.Infrastructure/YemenBooking.Infrastructure.csproj]
/home/ameen/Desktop/BOOKIN/BOOKIN/backend/YemenBooking.Infrastructure/Repositories/UserSettingsRepository.cs(81,41): warning CS0108: 'UserSettingsRepository.UpdateAsync(UserSettings, CancellationToken)' hides inherited member 'BaseRepository<UserSettings>.UpdateAsync(UserSettings, CancellationToken)'. Use the new keyword if hiding was intended. [/home/ameen/Desktop/BOOKIN/BOOKIN/backend/YemenBooking.Infrastructure/YemenBooking.Infrastructure.csproj]
/home/ameen/Desktop/BOOKIN/BOOKIN/backend/YemenBooking.Infrastructure/Repositories/SectionRepository.cs(21,30): warning CS0108: 'SectionRepository.UpdateAsync(Section, CancellationToken)' hides inherited member 'BaseRepository<Section>.UpdateAsync(Section, CancellationToken)'. Use the new keyword if hiding was intended. [/home/ameen/Desktop/BOOKIN/BOOKIN/backend/YemenBooking.Infrastructure/YemenBooking.Infrastructure.csproj]
/home/ameen/Desktop/BOOKIN/BOOKIN/backend/YemenBooking.Infrastructure/Repositories/SectionRepository.cs(28,33): warning CS0108: 'SectionRepository.DeleteAsync(Guid, CancellationToken)' hides inherited member 'BaseRepository<Section>.DeleteAsync(Guid, CancellationToken)'. Use the new keyword if hiding was intended. [/home/ameen/Desktop/BOOKIN/BOOKIN/backend/YemenBooking.Infrastructure/YemenBooking.Infrastructure.csproj]
/home/ameen/Desktop/BOOKIN/BOOKIN/backend/YemenBooking.Infrastructure/Repositories/PropertyInSectionImageRepository.cs(27,47): warning CS0108: 'PropertyInSectionImageRepository.UpdateAsync(PropertyInSectionImage, CancellationToken)' hides inherited member 'BaseRepository<PropertyInSectionImage>.UpdateAsync(PropertyInSectionImage, CancellationToken)'. Use the new keyword if hiding was intended. [/home/ameen/Desktop/BOOKIN/BOOKIN/backend/YemenBooking.Infrastructure/YemenBooking.Infrastructure.csproj]
/home/ameen/Desktop/BOOKIN/BOOKIN/backend/YemenBooking.Infrastructure/Repositories/PropertyInSectionImageRepository.cs(34,29): warning CS0108: 'PropertyInSectionImageRepository.DeleteAsync(Guid, CancellationToken)' hides inherited member 'BaseRepository<PropertyInSectionImage>.DeleteAsync(Guid, CancellationToken)'. Use the new keyword if hiding was intended. [/home/ameen/Desktop/BOOKIN/BOOKIN/backend/YemenBooking.Infrastructure/YemenBooking.Infrastructure.csproj]
/home/ameen/Desktop/BOOKIN/BOOKIN/backend/YemenBooking.Infrastructure/Repositories/PropertyPolicyRepository.cs(40,40): warning CS0108: 'PropertyPolicyRepository.GetByIdAsync(Guid, CancellationToken)' hides inherited member 'BaseRepository<PropertyPolicy>.GetByIdAsync(Guid, CancellationToken)'. Use the new keyword if hiding was intended. [/home/ameen/Desktop/BOOKIN/BOOKIN/backend/YemenBooking.Infrastructure/YemenBooking.Infrastructure.csproj]
/home/ameen/Desktop/BOOKIN/BOOKIN/backend/YemenBooking.Infrastructure/Repositories/PropertyPolicyRepository.cs(62,39): warning CS0108: 'PropertyPolicyRepository.UpdateAsync(PropertyPolicy, CancellationToken)' hides inherited member 'BaseRepository<PropertyPolicy>.UpdateAsync(PropertyPolicy, CancellationToken)'. Use the new keyword if hiding was intended. [/home/ameen/Desktop/BOOKIN/BOOKIN/backend/YemenBooking.Infrastructure/YemenBooking.Infrastructure.csproj]
/home/ameen/Desktop/BOOKIN/BOOKIN/backend/YemenBooking.Infrastructure/Repositories/PropertyPolicyRepository.cs(73,29): warning CS0108: 'PropertyPolicyRepository.DeleteAsync(Guid, CancellationToken)' hides inherited member 'BaseRepository<PropertyPolicy>.DeleteAsync(Guid, CancellationToken)'. Use the new keyword if hiding was intended. [/home/ameen/Desktop/BOOKIN/BOOKIN/backend/YemenBooking.Infrastructure/YemenBooking.Infrastructure.csproj]
/home/ameen/Desktop/BOOKIN/BOOKIN/backend/YemenBooking.Infrastructure/Wallets/SabaCash/SabaCashService.cs(49,47): warning CS8604: Possible null reference argument for parameter 'uriString' in 'Uri.Uri(string uriString)'. [/home/ameen/Desktop/BOOKIN/BOOKIN/backend/YemenBooking.Infrastructure/YemenBooking.Infrastructure.csproj]
/home/ameen/Desktop/BOOKIN/BOOKIN/backend/YemenBooking.Infrastructure/Wallets/SabaCash/SabaCashService.cs(63,57): warning CS8600: Converting null literal or possible null value to non-nullable type. [/home/ameen/Desktop/BOOKIN/BOOKIN/backend/YemenBooking.Infrastructure/YemenBooking.Infrastructure.csproj]
/home/ameen/Desktop/BOOKIN/BOOKIN/backend/YemenBooking.Infrastructure/Wallets/SabaCash/SabaCashService.cs(66,24): warning CS8603: Possible null reference return. [/home/ameen/Desktop/BOOKIN/BOOKIN/backend/YemenBooking.Infrastructure/YemenBooking.Infrastructure.csproj]
/home/ameen/Desktop/BOOKIN/BOOKIN/backend/YemenBooking.Infrastructure/Wallets/SabaCash/SabaCashService.cs(76,32): warning CS8601: Possible null reference assignment. [/home/ameen/Desktop/BOOKIN/BOOKIN/backend/YemenBooking.Infrastructure/YemenBooking.Infrastructure.csproj]
/home/ameen/Desktop/BOOKIN/BOOKIN/backend/YemenBooking.Infrastructure/Wallets/SabaCash/SabaCashService.cs(77,32): warning CS8601: Possible null reference assignment. [/home/ameen/Desktop/BOOKIN/BOOKIN/backend/YemenBooking.Infrastructure/YemenBooking.Infrastructure.csproj]
/home/ameen/Desktop/BOOKIN/BOOKIN/backend/YemenBooking.Infrastructure/Wallets/SabaCash/SabaCashService.cs(102,45): warning CS8602: Dereference of a possibly null reference. [/home/ameen/Desktop/BOOKIN/BOOKIN/backend/YemenBooking.Infrastructure/YemenBooking.Infrastructure.csproj]
/home/ameen/Desktop/BOOKIN/BOOKIN/backend/YemenBooking.Infrastructure/Wallets/SabaCash/SabaCashService.cs(160,36): warning CS8601: Possible null reference assignment. [/home/ameen/Desktop/BOOKIN/BOOKIN/backend/YemenBooking.Infrastructure/YemenBooking.Infrastructure.csproj]
/home/ameen/Desktop/BOOKIN/BOOKIN/backend/YemenBooking.Infrastructure/Wallets/SabaCash/SabaCashService.cs(209,85): warning CS8602: Dereference of a possibly null reference. [/home/ameen/Desktop/BOOKIN/BOOKIN/backend/YemenBooking.Infrastructure/YemenBooking.Infrastructure.csproj]
/home/ameen/Desktop/BOOKIN/BOOKIN/backend/YemenBooking.Infrastructure/Redis/Cache/RedisCache.cs(63,64): warning CS8604: Possible null reference argument for parameter 'json' in 'T? JsonSerializer.Deserialize<T>(string json, JsonSerializerOptions? options = null)'. [/home/ameen/Desktop/BOOKIN/BOOKIN/backend/YemenBooking.Infrastructure/YemenBooking.Infrastructure.csproj]
/home/ameen/Desktop/BOOKIN/BOOKIN/backend/YemenBooking.Infrastructure/Redis/Cache/RedisCache.cs(64,28): warning CS8603: Possible null reference return. [/home/ameen/Desktop/BOOKIN/BOOKIN/backend/YemenBooking.Infrastructure/YemenBooking.Infrastructure.csproj]
/home/ameen/Desktop/BOOKIN/BOOKIN/backend/YemenBooking.Infrastructure/Redis/Cache/RedisCache.cs(69,24): warning CS8603: Possible null reference return. [/home/ameen/Desktop/BOOKIN/BOOKIN/backend/YemenBooking.Infrastructure/YemenBooking.Infrastructure.csproj]
/home/ameen/Desktop/BOOKIN/BOOKIN/backend/YemenBooking.Infrastructure/Redis/Cache/RedisCache.cs(75,24): warning CS8603: Possible null reference return. [/home/ameen/Desktop/BOOKIN/BOOKIN/backend/YemenBooking.Infrastructure/YemenBooking.Infrastructure.csproj]
/home/ameen/Desktop/BOOKIN/BOOKIN/backend/YemenBooking.Infrastructure/Wallets/SabaCash/SabaCashService.cs(310,75): warning CS8602: Dereference of a possibly null reference. [/home/ameen/Desktop/BOOKIN/BOOKIN/backend/YemenBooking.Infrastructure/YemenBooking.Infrastructure.csproj]
/home/ameen/Desktop/BOOKIN/BOOKIN/backend/YemenBooking.Infrastructure/Wallets/SabaCash/SabaCashService.cs(368,39): warning CS8602: Dereference of a possibly null reference. [/home/ameen/Desktop/BOOKIN/BOOKIN/backend/YemenBooking.Infrastructure/YemenBooking.Infrastructure.csproj]
/home/ameen/Desktop/BOOKIN/BOOKIN/backend/YemenBooking.Infrastructure/Wallets/SabaCash/SabaCashService.cs(499,82): warning CS8602: Dereference of a possibly null reference. [/home/ameen/Desktop/BOOKIN/BOOKIN/backend/YemenBooking.Infrastructure/YemenBooking.Infrastructure.csproj]
/home/ameen/Desktop/BOOKIN/BOOKIN/backend/YemenBooking.Infrastructure/Redis/Cache/RedisCache.cs(216,24): warning CS8603: Possible null reference return. [/home/ameen/Desktop/BOOKIN/BOOKIN/backend/YemenBooking.Infrastructure/YemenBooking.Infrastructure.csproj]
/home/ameen/Desktop/BOOKIN/BOOKIN/backend/YemenBooking.Infrastructure/UnitOfWork/UnitOfWork.cs(106,22): warning CS8600: Converting null literal or possible null value to non-nullable type. [/home/ameen/Desktop/BOOKIN/BOOKIN/backend/YemenBooking.Infrastructure/YemenBooking.Infrastructure.csproj]
/home/ameen/Desktop/BOOKIN/BOOKIN/backend/YemenBooking.Infrastructure/Redis/Monitoring/HealthCheckService.cs(177,36): warning CS8601: Possible null reference assignment. [/home/ameen/Desktop/BOOKIN/BOOKIN/backend/YemenBooking.Infrastructure/YemenBooking.Infrastructure.csproj]
/home/ameen/Desktop/BOOKIN/BOOKIN/backend/YemenBooking.Infrastructure/Seeds/UserAccountsSeeder.cs(80,89): warning CS8619: Nullability of reference types in value of type 'List<string>' doesn't match target type 'List<string?>'. [/home/ameen/Desktop/BOOKIN/BOOKIN/backend/YemenBooking.Infrastructure/YemenBooking.Infrastructure.csproj]
/home/ameen/Desktop/BOOKIN/BOOKIN/backend/YemenBooking.Infrastructure/Redis/Configuration/RedisServiceConfiguration.cs(148,23): warning CS8618: Non-nullable property 'ConnectionString' must contain a non-null value when exiting constructor. Consider adding the 'required' modifier or declaring the property as nullable. [/home/ameen/Desktop/BOOKIN/BOOKIN/backend/YemenBooking.Infrastructure/YemenBooking.Infrastructure.csproj]
/home/ameen/Desktop/BOOKIN/BOOKIN/backend/YemenBooking.Infrastructure/Redis/Configuration/RedisServiceConfiguration.cs(175,23): warning CS8618: Non-nullable property 'Password' must contain a non-null value when exiting constructor. Consider adding the 'required' modifier or declaring the property as nullable. [/home/ameen/Desktop/BOOKIN/BOOKIN/backend/YemenBooking.Infrastructure/YemenBooking.Infrastructure.csproj]
/home/ameen/Desktop/BOOKIN/BOOKIN/backend/YemenBooking.Infrastructure/Redis/Configuration/RedisServiceConfiguration.cs(181,23): warning CS8618: Non-nullable property 'SslHost' must contain a non-null value when exiting constructor. Consider adding the 'required' modifier or declaring the property as nullable. [/home/ameen/Desktop/BOOKIN/BOOKIN/backend/YemenBooking.Infrastructure/YemenBooking.Infrastructure.csproj]
/home/ameen/Desktop/BOOKIN/BOOKIN/backend/YemenBooking.Infrastructure/Redis/Core/RedisConnectionManager.cs(68,16): warning CS8618: Non-nullable field '_connection' must contain a non-null value when exiting constructor. Consider adding the 'required' modifier or declaring the field as nullable. [/home/ameen/Desktop/BOOKIN/BOOKIN/backend/YemenBooking.Infrastructure/YemenBooking.Infrastructure.csproj]
/home/ameen/Desktop/BOOKIN/BOOKIN/backend/YemenBooking.Infrastructure/Repositories/BaseRepository.cs(66,27): warning CS1998: This async method lacks 'await' operators and will run synchronously. Consider using the 'await' operator to await non-blocking API calls, or 'await Task.Run(...)' to do CPU-bound work on a background thread. [/home/ameen/Desktop/BOOKIN/BOOKIN/backend/YemenBooking.Infrastructure/YemenBooking.Infrastructure.csproj]
/home/ameen/Desktop/BOOKIN/BOOKIN/backend/YemenBooking.Infrastructure/Repositories/BaseRepository.cs(72,27): warning CS1998: This async method lacks 'await' operators and will run synchronously. Consider using the 'await' operator to await non-blocking API calls, or 'await Task.Run(...)' to do CPU-bound work on a background thread. [/home/ameen/Desktop/BOOKIN/BOOKIN/backend/YemenBooking.Infrastructure/YemenBooking.Infrastructure.csproj]
/home/ameen/Desktop/BOOKIN/BOOKIN/backend/YemenBooking.Infrastructure/Repositories/UserRepository.cs(104,38): warning CS8603: Possible null reference return. [/home/ameen/Desktop/BOOKIN/BOOKIN/backend/YemenBooking.Infrastructure/YemenBooking.Infrastructure.csproj]
/home/ameen/Desktop/BOOKIN/BOOKIN/backend/YemenBooking.Infrastructure/Repositories/UserRepository.cs(105,20): warning CS8603: Possible null reference return. [/home/ameen/Desktop/BOOKIN/BOOKIN/backend/YemenBooking.Infrastructure/YemenBooking.Infrastructure.csproj]
/home/ameen/Desktop/BOOKIN/BOOKIN/backend/YemenBooking.Infrastructure/Repositories/BaseRepository.cs(78,27): warning CS1998: This async method lacks 'await' operators and will run synchronously. Consider using the 'await' operator to await non-blocking API calls, or 'await Task.Run(...)' to do CPU-bound work on a background thread. [/home/ameen/Desktop/BOOKIN/BOOKIN/backend/YemenBooking.Infrastructure/YemenBooking.Infrastructure.csproj]
/home/ameen/Desktop/BOOKIN/BOOKIN/backend/YemenBooking.Infrastructure/Repositories/BaseRepository.cs(94,27): warning CS1998: This async method lacks 'await' operators and will run synchronously. Consider using the 'await' operator to await non-blocking API calls, or 'await Task.Run(...)' to do CPU-bound work on a background thread. [/home/ameen/Desktop/BOOKIN/BOOKIN/backend/YemenBooking.Infrastructure/YemenBooking.Infrastructure.csproj]
/home/ameen/Desktop/BOOKIN/BOOKIN/backend/YemenBooking.Infrastructure/Redis/Monitoring/HealthCheckService.cs(413,27): warning CS8618: Non-nullable property 'OperationType' must contain a non-null value when exiting constructor. Consider adding the 'required' modifier or declaring the property as nullable. [/home/ameen/Desktop/BOOKIN/BOOKIN/backend/YemenBooking.Infrastructure/YemenBooking.Infrastructure.csproj]
/home/ameen/Desktop/BOOKIN/BOOKIN/backend/YemenBooking.Infrastructure/Redis/Core/RedisConnectionManager.cs(424,42): warning CS8622: Nullability of reference types in type of parameter 'sender' of 'void RedisConnectionManager.OnConnectionFailed(object sender, ConnectionFailedEventArgs e)' doesn't match the target delegate 'EventHandler<ConnectionFailedEventArgs>' (possibly because of nullability attributes). [/home/ameen/Desktop/BOOKIN/BOOKIN/backend/YemenBooking.Infrastructure/YemenBooking.Infrastructure.csproj]
/home/ameen/Desktop/BOOKIN/BOOKIN/backend/YemenBooking.Infrastructure/Redis/Core/RedisConnectionManager.cs(425,44): warning CS8622: Nullability of reference types in type of parameter 'sender' of 'void RedisConnectionManager.OnConnectionRestored(object sender, ConnectionFailedEventArgs e)' doesn't match the target delegate 'EventHandler<ConnectionFailedEventArgs>' (possibly because of nullability attributes). [/home/ameen/Desktop/BOOKIN/BOOKIN/backend/YemenBooking.Infrastructure/YemenBooking.Infrastructure.csproj]
/home/ameen/Desktop/BOOKIN/BOOKIN/backend/YemenBooking.Infrastructure/Redis/Core/RedisConnectionManager.cs(426,38): warning CS8622: Nullability of reference types in type of parameter 'sender' of 'void RedisConnectionManager.OnErrorMessage(object sender, RedisErrorEventArgs e)' doesn't match the target delegate 'EventHandler<RedisErrorEventArgs>' (possibly because of nullability attributes). [/home/ameen/Desktop/BOOKIN/BOOKIN/backend/YemenBooking.Infrastructure/YemenBooking.Infrastructure.csproj]
/home/ameen/Desktop/BOOKIN/BOOKIN/backend/YemenBooking.Infrastructure/Redis/Core/RedisConnectionManager.cs(427,39): warning CS8622: Nullability of reference types in type of parameter 'sender' of 'void RedisConnectionManager.OnInternalError(object sender, InternalErrorEventArgs e)' doesn't match the target delegate 'EventHandler<InternalErrorEventArgs>' (possibly because of nullability attributes). [/home/ameen/Desktop/BOOKIN/BOOKIN/backend/YemenBooking.Infrastructure/YemenBooking.Infrastructure.csproj]
/home/ameen/Desktop/BOOKIN/BOOKIN/backend/YemenBooking.Infrastructure/Repositories/BaseRepository.cs(127,21): warning CS0162: Unreachable code detected [/home/ameen/Desktop/BOOKIN/BOOKIN/backend/YemenBooking.Infrastructure/YemenBooking.Infrastructure.csproj]
/home/ameen/Desktop/BOOKIN/BOOKIN/backend/YemenBooking.Infrastructure/Redis/Core/RedisConnectionManager.cs(529,53): warning CS8622: Nullability of reference types in type of parameter 'sender' of 'void RedisConnectionManager.OnConnectionFailed(object sender, ConnectionFailedEventArgs e)' doesn't match the target delegate 'EventHandler<ConnectionFailedEventArgs>' (possibly because of nullability attributes). [/home/ameen/Desktop/BOOKIN/BOOKIN/backend/YemenBooking.Infrastructure/YemenBooking.Infrastructure.csproj]
/home/ameen/Desktop/BOOKIN/BOOKIN/backend/YemenBooking.Infrastructure/Redis/Core/RedisConnectionManager.cs(530,55): warning CS8622: Nullability of reference types in type of parameter 'sender' of 'void RedisConnectionManager.OnConnectionRestored(object sender, ConnectionFailedEventArgs e)' doesn't match the target delegate 'EventHandler<ConnectionFailedEventArgs>' (possibly because of nullability attributes). [/home/ameen/Desktop/BOOKIN/BOOKIN/backend/YemenBooking.Infrastructure/YemenBooking.Infrastructure.csproj]
/home/ameen/Desktop/BOOKIN/BOOKIN/backend/YemenBooking.Infrastructure/Redis/Core/RedisConnectionManager.cs(531,49): warning CS8622: Nullability of reference types in type of parameter 'sender' of 'void RedisConnectionManager.OnErrorMessage(object sender, RedisErrorEventArgs e)' doesn't match the target delegate 'EventHandler<RedisErrorEventArgs>' (possibly because of nullability attributes). [/home/ameen/Desktop/BOOKIN/BOOKIN/backend/YemenBooking.Infrastructure/YemenBooking.Infrastructure.csproj]
/home/ameen/Desktop/BOOKIN/BOOKIN/backend/YemenBooking.Infrastructure/Redis/Core/RedisConnectionManager.cs(532,50): warning CS8622: Nullability of reference types in type of parameter 'sender' of 'void RedisConnectionManager.OnInternalError(object sender, InternalErrorEventArgs e)' doesn't match the target delegate 'EventHandler<InternalErrorEventArgs>' (possibly because of nullability attributes). [/home/ameen/Desktop/BOOKIN/BOOKIN/backend/YemenBooking.Infrastructure/YemenBooking.Infrastructure.csproj]
/home/ameen/Desktop/BOOKIN/BOOKIN/backend/YemenBooking.Infrastructure/Redis/Core/Interfaces/IRedisConnectionManager.cs(54,23): warning CS8618: Non-nullable property 'Endpoint' must contain a non-null value when exiting constructor. Consider adding the 'required' modifier or declaring the property as nullable. [/home/ameen/Desktop/BOOKIN/BOOKIN/backend/YemenBooking.Infrastructure/YemenBooking.Infrastructure.csproj]
/home/ameen/Desktop/BOOKIN/BOOKIN/backend/YemenBooking.Infrastructure/Postgres/Indexing/PostgresUnitSearchEngine.cs(480,25): warning CS8602: Dereference of a possibly null reference. [/home/ameen/Desktop/BOOKIN/BOOKIN/backend/YemenBooking.Infrastructure/YemenBooking.Infrastructure.csproj]
/home/ameen/Desktop/BOOKIN/BOOKIN/backend/YemenBooking.Infrastructure/Postgres/Indexing/PostgresUnitSearchEngine.cs(497,29): warning CS8602: Dereference of a possibly null reference. [/home/ameen/Desktop/BOOKIN/BOOKIN/backend/YemenBooking.Infrastructure/YemenBooking.Infrastructure.csproj]
/home/ameen/Desktop/BOOKIN/BOOKIN/backend/YemenBooking.Infrastructure/Postgres/Indexing/PostgresUnitSearchEngine.cs(504,25): warning CS8602: Dereference of a possibly null reference. [/home/ameen/Desktop/BOOKIN/BOOKIN/backend/YemenBooking.Infrastructure/YemenBooking.Infrastructure.csproj]
/home/ameen/Desktop/BOOKIN/BOOKIN/backend/YemenBooking.Infrastructure/Repositories/ChartOfAccountRepository.cs(45,16): warning CS8603: Possible null reference return. [/home/ameen/Desktop/BOOKIN/BOOKIN/backend/YemenBooking.Infrastructure/YemenBooking.Infrastructure.csproj]
/home/ameen/Desktop/BOOKIN/BOOKIN/backend/YemenBooking.Infrastructure/Redis/Indexing/UltraOptimizedSearchEngine.cs(294,48): warning CS8604: Possible null reference argument for parameter 'command' in 'Task<RedisResult> IDatabaseAsync.ExecuteAsync(string command, params object[] args)'. [/home/ameen/Desktop/BOOKIN/BOOKIN/backend/YemenBooking.Infrastructure/YemenBooking.Infrastructure.csproj]
/home/ameen/Desktop/BOOKIN/BOOKIN/backend/YemenBooking.Infrastructure/Redis/Indexing/UltraOptimizedSearchEngine.cs(301,35): warning CS8600: Converting null literal or possible null value to non-nullable type. [/home/ameen/Desktop/BOOKIN/BOOKIN/backend/YemenBooking.Infrastructure/YemenBooking.Infrastructure.csproj]
/home/ameen/Desktop/BOOKIN/BOOKIN/backend/YemenBooking.Infrastructure/Redis/Indexing/UltraOptimizedSearchEngine.cs(303,21): warning CS8602: Dereference of a possibly null reference. [/home/ameen/Desktop/BOOKIN/BOOKIN/backend/YemenBooking.Infrastructure/YemenBooking.Infrastructure.csproj]
/home/ameen/Desktop/BOOKIN/BOOKIN/backend/YemenBooking.Infrastructure/Redis/Indexing/UltraOptimizedSearchEngine.cs(313,42): warning CS8600: Converting null literal or possible null value to non-nullable type. [/home/ameen/Desktop/BOOKIN/BOOKIN/backend/YemenBooking.Infrastructure/YemenBooking.Infrastructure.csproj]
/home/ameen/Desktop/BOOKIN/BOOKIN/backend/YemenBooking.Infrastructure/Redis/Indexing/UltraOptimizedSearchEngine.cs(314,60): warning CS8604: Possible null reference argument for parameter 'fields' in 'UnitSearchItem? UltraOptimizedSearchEngine.ParseUnitSearchItem(RedisResult[] fields, decimal? totalPrice)'. [/home/ameen/Desktop/BOOKIN/BOOKIN/backend/YemenBooking.Infrastructure/YemenBooking.Infrastructure.csproj]
/home/ameen/Desktop/BOOKIN/BOOKIN/backend/YemenBooking.Infrastructure/Redis/Core/Interfaces/IHealthCheckService.cs(60,23): warning CS8618: Non-nullable property 'ComponentName' must contain a non-null value when exiting constructor. Consider adding the 'required' modifier or declaring the property as nullable. [/home/ameen/Desktop/BOOKIN/BOOKIN/backend/YemenBooking.Infrastructure/YemenBooking.Infrastructure.csproj]
/home/ameen/Desktop/BOOKIN/BOOKIN/backend/YemenBooking.Infrastructure/Redis/Core/Interfaces/IHealthCheckService.cs(62,23): warning CS8618: Non-nullable property 'Message' must contain a non-null value when exiting constructor. Consider adding the 'required' modifier or declaring the property as nullable. [/home/ameen/Desktop/BOOKIN/BOOKIN/backend/YemenBooking.Infrastructure/YemenBooking.Infrastructure.csproj]
/home/ameen/Desktop/BOOKIN/BOOKIN/backend/YemenBooking.Infrastructure/Repositories/ChartOfAccountRepository.cs(55,16): warning CS8603: Possible null reference return. [/home/ameen/Desktop/BOOKIN/BOOKIN/backend/YemenBooking.Infrastructure/YemenBooking.Infrastructure.csproj]
/home/ameen/Desktop/BOOKIN/BOOKIN/backend/YemenBooking.Infrastructure/Redis/Core/Interfaces/IHealthCheckService.cs(39,23): warning CS8618: Non-nullable property 'Description' must contain a non-null value when exiting constructor. Consider adding the 'required' modifier or declaring the property as nullable. [/home/ameen/Desktop/BOOKIN/BOOKIN/backend/YemenBooking.Infrastructure/YemenBooking.Infrastructure.csproj]
/home/ameen/Desktop/BOOKIN/BOOKIN/backend/YemenBooking.Infrastructure/Redis/Indexing/UltraOptimizedSearchEngine.cs(359,31): warning CS8600: Converting null literal or possible null value to non-nullable type. [/home/ameen/Desktop/BOOKIN/BOOKIN/backend/YemenBooking.Infrastructure/YemenBooking.Infrastructure.csproj]
/home/ameen/Desktop/BOOKIN/BOOKIN/backend/YemenBooking.Infrastructure/Redis/Indexing/UltraOptimizedSearchEngine.cs(362,33): warning CS8602: Dereference of a possibly null reference. [/home/ameen/Desktop/BOOKIN/BOOKIN/backend/YemenBooking.Infrastructure/YemenBooking.Infrastructure.csproj]
/home/ameen/Desktop/BOOKIN/BOOKIN/backend/YemenBooking.Infrastructure/Repositories/ChartOfAccountRepository.cs(117,16): warning CS8603: Possible null reference return. [/home/ameen/Desktop/BOOKIN/BOOKIN/backend/YemenBooking.Infrastructure/YemenBooking.Infrastructure.csproj]
/home/ameen/Desktop/BOOKIN/BOOKIN/backend/YemenBooking.Infrastructure/Repositories/ChartOfAccountRepository.cs(127,16): warning CS8603: Possible null reference return. [/home/ameen/Desktop/BOOKIN/BOOKIN/backend/YemenBooking.Infrastructure/YemenBooking.Infrastructure.csproj]
/home/ameen/Desktop/BOOKIN/BOOKIN/backend/YemenBooking.Infrastructure/Repositories/UnitRepository.cs(146,20): warning CS8603: Possible null reference return. [/home/ameen/Desktop/BOOKIN/BOOKIN/backend/YemenBooking.Infrastructure/YemenBooking.Infrastructure.csproj]
/home/ameen/Desktop/BOOKIN/BOOKIN/backend/YemenBooking.Infrastructure/Repositories/UnitRepository.cs(151,20): warning CS8603: Possible null reference return. [/home/ameen/Desktop/BOOKIN/BOOKIN/backend/YemenBooking.Infrastructure/YemenBooking.Infrastructure.csproj]
/home/ameen/Desktop/BOOKIN/BOOKIN/backend/YemenBooking.Infrastructure/Repositories/ChartOfAccountRepository.cs(299,16): warning CS8603: Possible null reference return. [/home/ameen/Desktop/BOOKIN/BOOKIN/backend/YemenBooking.Infrastructure/YemenBooking.Infrastructure.csproj]
/home/ameen/Desktop/BOOKIN/BOOKIN/backend/YemenBooking.Infrastructure/Postgres/Indexing/PostgresUnitIndexingService.cs(184,41): warning CS1998: This async method lacks 'await' operators and will run synchronously. Consider using the 'await' operator to await non-blocking API calls, or 'await Task.Run(...)' to do CPU-bound work on a background thread. [/home/ameen/Desktop/BOOKIN/BOOKIN/backend/YemenBooking.Infrastructure/YemenBooking.Infrastructure.csproj]
/home/ameen/Desktop/BOOKIN/BOOKIN/backend/YemenBooking.Infrastructure/Postgres/Indexing/PostgresUnitIndexingService.cs(205,54): warning CS1998: This async method lacks 'await' operators and will run synchronously. Consider using the 'await' operator to await non-blocking API calls, or 'await Task.Run(...)' to do CPU-bound work on a background thread. [/home/ameen/Desktop/BOOKIN/BOOKIN/backend/YemenBooking.Infrastructure/YemenBooking.Infrastructure.csproj]
/home/ameen/Desktop/BOOKIN/BOOKIN/backend/YemenBooking.Infrastructure/Redis/Indexing/OptimizedUnitIndexingService.cs(977,35): warning CS8601: Possible null reference assignment. [/home/ameen/Desktop/BOOKIN/BOOKIN/backend/YemenBooking.Infrastructure/YemenBooking.Infrastructure.csproj]
/home/ameen/Desktop/BOOKIN/BOOKIN/backend/YemenBooking.Infrastructure/Data/Configurations/ReviewConfiguration.cs(101,9): warning CS0618: 'RelationalEntityTypeBuilderExtensions.HasCheckConstraint<TEntity>(EntityTypeBuilder<TEntity>, string, string?)' is obsolete: 'Configure this using ToTable(t => t.HasCheckConstraint()) instead.' [/home/ameen/Desktop/BOOKIN/BOOKIN/backend/YemenBooking.Infrastructure/YemenBooking.Infrastructure.csproj]
/home/ameen/Desktop/BOOKIN/BOOKIN/backend/YemenBooking.Infrastructure/Data/Configurations/ReviewConfiguration.cs(102,9): warning CS0618: 'RelationalEntityTypeBuilderExtensions.HasCheckConstraint<TEntity>(EntityTypeBuilder<TEntity>, string, string?)' is obsolete: 'Configure this using ToTable(t => t.HasCheckConstraint()) instead.' [/home/ameen/Desktop/BOOKIN/BOOKIN/backend/YemenBooking.Infrastructure/YemenBooking.Infrastructure.csproj]
/home/ameen/Desktop/BOOKIN/BOOKIN/backend/YemenBooking.Infrastructure/Data/Configurations/ReviewConfiguration.cs(103,9): warning CS0618: 'RelationalEntityTypeBuilderExtensions.HasCheckConstraint<TEntity>(EntityTypeBuilder<TEntity>, string, string?)' is obsolete: 'Configure this using ToTable(t => t.HasCheckConstraint()) instead.' [/home/ameen/Desktop/BOOKIN/BOOKIN/backend/YemenBooking.Infrastructure/YemenBooking.Infrastructure.csproj]
/home/ameen/Desktop/BOOKIN/BOOKIN/backend/YemenBooking.Infrastructure/Data/Configurations/ReviewConfiguration.cs(104,9): warning CS0618: 'RelationalEntityTypeBuilderExtensions.HasCheckConstraint<TEntity>(EntityTypeBuilder<TEntity>, string, string?)' is obsolete: 'Configure this using ToTable(t => t.HasCheckConstraint()) instead.' [/home/ameen/Desktop/BOOKIN/BOOKIN/backend/YemenBooking.Infrastructure/YemenBooking.Infrastructure.csproj]
/home/ameen/Desktop/BOOKIN/BOOKIN/backend/YemenBooking.Infrastructure/Redis/Indexing/OptimizedUnitIndexingService.cs(1023,34): warning CS0618: 'RedisResult.Type' is obsolete: 'Please use either Resp2Type (simplified) or Resp3Type (full)' [/home/ameen/Desktop/BOOKIN/BOOKIN/backend/YemenBooking.Infrastructure/YemenBooking.Infrastructure.csproj]
/home/ameen/Desktop/BOOKIN/BOOKIN/backend/YemenBooking.Infrastructure/Redis/Indexing/OptimizedUnitIndexingService.cs(1023,49): warning CS0618: 'ResultType.MultiBulk' is obsolete: 'Please use Array' [/home/ameen/Desktop/BOOKIN/BOOKIN/backend/YemenBooking.Infrastructure/YemenBooking.Infrastructure.csproj]
/home/ameen/Desktop/BOOKIN/BOOKIN/backend/YemenBooking.Infrastructure/Redis/Indexing/OptimizedUnitIndexingService.cs(1034,17): warning CS0618: 'RedisResult.Type' is obsolete: 'Please use either Resp2Type (simplified) or Resp3Type (full)' [/home/ameen/Desktop/BOOKIN/BOOKIN/backend/YemenBooking.Infrastructure/YemenBooking.Infrastructure.csproj]
/home/ameen/Desktop/BOOKIN/BOOKIN/backend/YemenBooking.Infrastructure/Redis/Indexing/OptimizedUnitIndexingService.cs(1034,40): warning CS0618: 'ResultType.MultiBulk' is obsolete: 'Please use Array' [/home/ameen/Desktop/BOOKIN/BOOKIN/backend/YemenBooking.Infrastructure/YemenBooking.Infrastructure.csproj]
/home/ameen/Desktop/BOOKIN/BOOKIN/backend/YemenBooking.Infrastructure/Redis/Indexing/OptimizedUnitIndexingService.cs(1026,31): warning CS8600: Converting null literal or possible null value to non-nullable type. [/home/ameen/Desktop/BOOKIN/BOOKIN/backend/YemenBooking.Infrastructure/YemenBooking.Infrastructure.csproj]
/home/ameen/Desktop/BOOKIN/BOOKIN/backend/YemenBooking.Infrastructure/Redis/Indexing/OptimizedUnitIndexingService.cs(1027,17): warning CS8602: Dereference of a possibly null reference. [/home/ameen/Desktop/BOOKIN/BOOKIN/backend/YemenBooking.Infrastructure/YemenBooking.Infrastructure.csproj]
/home/ameen/Desktop/BOOKIN/BOOKIN/backend/YemenBooking.Infrastructure/Redis/Indexing/OptimizedUnitIndexingService.cs(1036,33): warning CS8600: Converting null literal or possible null value to non-nullable type. [/home/ameen/Desktop/BOOKIN/BOOKIN/backend/YemenBooking.Infrastructure/YemenBooking.Infrastructure.csproj]
/home/ameen/Desktop/BOOKIN/BOOKIN/backend/YemenBooking.Infrastructure/Redis/Indexing/OptimizedUnitIndexingService.cs(1037,37): warning CS8602: Dereference of a possibly null reference. [/home/ameen/Desktop/BOOKIN/BOOKIN/backend/YemenBooking.Infrastructure/YemenBooking.Infrastructure.csproj]
/home/ameen/Desktop/BOOKIN/BOOKIN/backend/YemenBooking.Infrastructure/Services/NotificationChannelService.cs(480,40): warning CS8601: Possible null reference assignment. [/home/ameen/Desktop/BOOKIN/BOOKIN/backend/YemenBooking.Infrastructure/YemenBooking.Infrastructure.csproj]
/home/ameen/Desktop/BOOKIN/BOOKIN/backend/YemenBooking.Infrastructure/Services/MediaMetadataService.cs(24,33): warning CS1998: This async method lacks 'await' operators and will run synchronously. Consider using the 'await' operator to await non-blocking API calls, or 'await Task.Run(...)' to do CPU-bound work on a background thread. [/home/ameen/Desktop/BOOKIN/BOOKIN/backend/YemenBooking.Infrastructure/YemenBooking.Infrastructure.csproj]
/home/ameen/Desktop/BOOKIN/BOOKIN/backend/YemenBooking.Infrastructure/Services/ImageProcessingService.cs(633,30): warning CS1998: This async method lacks 'await' operators and will run synchronously. Consider using the 'await' operator to await non-blocking API calls, or 'await Task.Run(...)' to do CPU-bound work on a background thread. [/home/ameen/Desktop/BOOKIN/BOOKIN/backend/YemenBooking.Infrastructure/YemenBooking.Infrastructure.csproj]
/home/ameen/Desktop/BOOKIN/BOOKIN/backend/YemenBooking.Infrastructure/Services/GeolocationService.cs(59,41): warning CS8603: Possible null reference return. [/home/ameen/Desktop/BOOKIN/BOOKIN/backend/YemenBooking.Infrastructure/YemenBooking.Infrastructure.csproj]
/home/ameen/Desktop/BOOKIN/BOOKIN/backend/YemenBooking.Infrastructure/Services/GeolocationService.cs(85,20): warning CS8603: Possible null reference return. [/home/ameen/Desktop/BOOKIN/BOOKIN/backend/YemenBooking.Infrastructure/YemenBooking.Infrastructure.csproj]
/home/ameen/Desktop/BOOKIN/BOOKIN/backend/YemenBooking.Infrastructure/Services/GeolocationService.cs(170,24): warning CS8603: Possible null reference return. [/home/ameen/Desktop/BOOKIN/BOOKIN/backend/YemenBooking.Infrastructure/YemenBooking.Infrastructure.csproj]
/home/ameen/Desktop/BOOKIN/BOOKIN/backend/YemenBooking.Infrastructure/Services/GeolocationService.cs(344,36): warning CS8600: Converting null literal or possible null value to non-nullable type. [/home/ameen/Desktop/BOOKIN/BOOKIN/backend/YemenBooking.Infrastructure/YemenBooking.Infrastructure.csproj]
/home/ameen/Desktop/BOOKIN/BOOKIN/backend/YemenBooking.Infrastructure/Services/GeolocationService.cs(367,20): warning CS8603: Possible null reference return. [/home/ameen/Desktop/BOOKIN/BOOKIN/backend/YemenBooking.Infrastructure/YemenBooking.Infrastructure.csproj]
/home/ameen/Desktop/BOOKIN/BOOKIN/backend/YemenBooking.Infrastructure/Services/GeolocationService.cs(380,28): warning CS8603: Possible null reference return. [/home/ameen/Desktop/BOOKIN/BOOKIN/backend/YemenBooking.Infrastructure/YemenBooking.Infrastructure.csproj]
/home/ameen/Desktop/BOOKIN/BOOKIN/backend/YemenBooking.Infrastructure/Services/GeolocationService.cs(389,36): warning CS8600: Converting null literal or possible null value to non-nullable type. [/home/ameen/Desktop/BOOKIN/BOOKIN/backend/YemenBooking.Infrastructure/YemenBooking.Infrastructure.csproj]
/home/ameen/Desktop/BOOKIN/BOOKIN/backend/YemenBooking.Infrastructure/Services/GeolocationService.cs(393,35): warning CS8602: Dereference of a possibly null reference. [/home/ameen/Desktop/BOOKIN/BOOKIN/backend/YemenBooking.Infrastructure/YemenBooking.Infrastructure.csproj]
/home/ameen/Desktop/BOOKIN/BOOKIN/backend/YemenBooking.Infrastructure/Services/GeolocationService.cs(396,38): warning CS8601: Possible null reference assignment. [/home/ameen/Desktop/BOOKIN/BOOKIN/backend/YemenBooking.Infrastructure/YemenBooking.Infrastructure.csproj]
/home/ameen/Desktop/BOOKIN/BOOKIN/backend/YemenBooking.Infrastructure/Services/GeolocationService.cs(410,20): warning CS8603: Possible null reference return. [/home/ameen/Desktop/BOOKIN/BOOKIN/backend/YemenBooking.Infrastructure/YemenBooking.Infrastructure.csproj]
/home/ameen/Desktop/BOOKIN/BOOKIN/backend/YemenBooking.Infrastructure/Services/ExportService.cs(42,41): warning CS1998: This async method lacks 'await' operators and will run synchronously. Consider using the 'await' operator to await non-blocking API calls, or 'await Task.Run(...)' to do CPU-bound work on a background thread. [/home/ameen/Desktop/BOOKIN/BOOKIN/backend/YemenBooking.Infrastructure/YemenBooking.Infrastructure.csproj]
/home/ameen/Desktop/BOOKIN/BOOKIN/backend/YemenBooking.Infrastructure/Services/ExportService.cs(89,41): warning CS1998: This async method lacks 'await' operators and will run synchronously. Consider using the 'await' operator to await non-blocking API calls, or 'await Task.Run(...)' to do CPU-bound work on a background thread. [/home/ameen/Desktop/BOOKIN/BOOKIN/backend/YemenBooking.Infrastructure/YemenBooking.Infrastructure.csproj]
/home/ameen/Desktop/BOOKIN/BOOKIN/backend/YemenBooking.Infrastructure/Services/DomainEventDispatcher.cs(77,34): warning CS8602: Dereference of a possibly null reference. [/home/ameen/Desktop/BOOKIN/BOOKIN/backend/YemenBooking.Infrastructure/YemenBooking.Infrastructure.csproj]
/home/ameen/Desktop/BOOKIN/BOOKIN/backend/YemenBooking.Infrastructure/Services/DomainEventDispatcher.cs(77,28): warning CS8600: Converting null literal or possible null value to non-nullable type. [/home/ameen/Desktop/BOOKIN/BOOKIN/backend/YemenBooking.Infrastructure/YemenBooking.Infrastructure.csproj]
/home/ameen/Desktop/BOOKIN/BOOKIN/backend/YemenBooking.Infrastructure/Services/DomainEventDispatcher.cs(80,36): warning CS8620: Argument of type 'IEnumerable<Task?>' cannot be used for parameter 'tasks' of type 'IEnumerable<Task>' in 'Task Task.WhenAll(IEnumerable<Task> tasks)' due to differences in the nullability of reference types. [/home/ameen/Desktop/BOOKIN/BOOKIN/backend/YemenBooking.Infrastructure/YemenBooking.Infrastructure.csproj]
/home/ameen/Desktop/BOOKIN/BOOKIN/backend/YemenBooking.Infrastructure/Services/ExportService.cs(187,41): warning CS1998: This async method lacks 'await' operators and will run synchronously. Consider using the 'await' operator to await non-blocking API calls, or 'await Task.Run(...)' to do CPU-bound work on a background thread. [/home/ameen/Desktop/BOOKIN/BOOKIN/backend/YemenBooking.Infrastructure/YemenBooking.Infrastructure.csproj]
/home/ameen/Desktop/BOOKIN/BOOKIN/backend/YemenBooking.Infrastructure/Services/CurrentUserService.cs(202,24): warning CS8603: Possible null reference return. [/home/ameen/Desktop/BOOKIN/BOOKIN/backend/YemenBooking.Infrastructure/YemenBooking.Infrastructure.csproj]
/home/ameen/Desktop/BOOKIN/BOOKIN/backend/YemenBooking.Infrastructure/Services/ExportService.cs(305,41): warning CS1998: This async method lacks 'await' operators and will run synchronously. Consider using the 'await' operator to await non-blocking API calls, or 'await Task.Run(...)' to do CPU-bound work on a background thread. [/home/ameen/Desktop/BOOKIN/BOOKIN/backend/YemenBooking.Infrastructure/YemenBooking.Infrastructure.csproj]
/home/ameen/Desktop/BOOKIN/BOOKIN/backend/YemenBooking.Infrastructure/Services/ExportService.cs(337,41): warning CS1998: This async method lacks 'await' operators and will run synchronously. Consider using the 'await' operator to await non-blocking API calls, or 'await Task.Run(...)' to do CPU-bound work on a background thread. [/home/ameen/Desktop/BOOKIN/BOOKIN/backend/YemenBooking.Infrastructure/YemenBooking.Infrastructure.csproj]
/home/ameen/Desktop/BOOKIN/BOOKIN/backend/YemenBooking.Infrastructure/Postgres/Indexing/PostgresUnitIndexingService.cs(270,45): warning EF1002: Method 'ExecuteSqlRawAsync' inserts interpolated strings directly into the SQL, without any protection against SQL injection. Consider using 'ExecuteSqlAsync' instead, which protects against SQL injection, or make sure that the value is sanitized and suppress the warning. [/home/ameen/Desktop/BOOKIN/BOOKIN/backend/YemenBooking.Infrastructure/YemenBooking.Infrastructure.csproj]
/home/ameen/Desktop/BOOKIN/BOOKIN/backend/YemenBooking.Infrastructure/Postgres/Indexing/PostgresUnitSearchEngine.cs(554,47): error CS1061: 'YemenBookingDbContext' does not contain a definition for 'UnitAvailabilities' and no accessible extension method 'UnitAvailabilities' accepting a first argument of type 'YemenBookingDbContext' could be found (are you missing a using directive or an assembly reference?) [/home/ameen/Desktop/BOOKIN/BOOKIN/backend/YemenBooking.Infrastructure/YemenBooking.Infrastructure.csproj]
/home/ameen/Desktop/BOOKIN/BOOKIN/backend/YemenBooking.Infrastructure/Data/Configurations/UnitConfiguration.cs(56,32): error CS1061: 'Unit' does not contain a definition for 'UnitAvailabilities' and no accessible extension method 'UnitAvailabilities' accepting a first argument of type 'Unit' could be found (are you missing a using directive or an assembly reference?) [/home/ameen/Desktop/BOOKIN/BOOKIN/backend/YemenBooking.Infrastructure/YemenBooking.Infrastructure.csproj]
/home/ameen/Desktop/BOOKIN/BOOKIN/backend/YemenBooking.Infrastructure/Postgres/Indexing/PostgresUnitIndexingService.cs(413,59): error CS1061: 'YemenBookingDbContext' does not contain a definition for 'UnitAvailabilities' and no accessible extension method 'UnitAvailabilities' accepting a first argument of type 'YemenBookingDbContext' could be found (are you missing a using directive or an assembly reference?) [/home/ameen/Desktop/BOOKIN/BOOKIN/backend/YemenBooking.Infrastructure/YemenBooking.Infrastructure.csproj]
/home/ameen/Desktop/BOOKIN/BOOKIN/backend/YemenBooking.Infrastructure/Postgres/Indexing/PostgresUnitIndexingService.cs(416,55): error CS1061: 'YemenBookingDbContext' does not contain a definition for 'UnitAvailabilities' and no accessible extension method 'UnitAvailabilities' accepting a first argument of type 'YemenBookingDbContext' could be found (are you missing a using directive or an assembly reference?) [/home/ameen/Desktop/BOOKIN/BOOKIN/backend/YemenBooking.Infrastructure/YemenBooking.Infrastructure.csproj]
/home/ameen/Desktop/BOOKIN/BOOKIN/backend/YemenBooking.Infrastructure/Postgres/Indexing/PostgresUnitIndexingService.cs(419,56): error CS0030: Cannot convert type 'method' to 'object' [/home/ameen/Desktop/BOOKIN/BOOKIN/backend/YemenBooking.Infrastructure/YemenBooking.Infrastructure.csproj]
/home/ameen/Desktop/BOOKIN/BOOKIN/backend/YemenBooking.Infrastructure/Postgres/Indexing/PostgresUnitIndexingService.cs(424,56): error CS0246: The type or namespace name 'PricingRule' could not be found (are you missing a using directive or an assembly reference?) [/home/ameen/Desktop/BOOKIN/BOOKIN/backend/YemenBooking.Infrastructure/YemenBooking.Infrastructure.csproj]
/home/ameen/Desktop/BOOKIN/BOOKIN/backend/YemenBooking.Infrastructure/Redis/Indexing/OptimizedUnitIndexingService.cs(1074,29): error CS1061: 'Unit' does not contain a definition for 'UnitAvailabilities' and no accessible extension method 'UnitAvailabilities' accepting a first argument of type 'Unit' could be found (are you missing a using directive or an assembly reference?) [/home/ameen/Desktop/BOOKIN/BOOKIN/backend/YemenBooking.Infrastructure/YemenBooking.Infrastructure.csproj]
/home/ameen/Desktop/BOOKIN/BOOKIN/backend/YemenBooking.Infrastructure/Redis/Indexing/OptimizedUnitIndexingService.cs(1102,13): error CS0117: 'UnitFullData' does not contain a definition for 'Availabilities' [/home/ameen/Desktop/BOOKIN/BOOKIN/backend/YemenBooking.Infrastructure/YemenBooking.Infrastructure.csproj]
/home/ameen/Desktop/BOOKIN/BOOKIN/backend/YemenBooking.Infrastructure/Redis/Indexing/OptimizedUnitIndexingService.cs(1103,13): error CS0117: 'UnitFullData' does not contain a definition for 'PricingRules' [/home/ameen/Desktop/BOOKIN/BOOKIN/backend/YemenBooking.Infrastructure/YemenBooking.Infrastructure.csproj]
/home/ameen/Desktop/BOOKIN/BOOKIN/backend/YemenBooking.Infrastructure/Services/AvailabilityService.cs(208,32): error CS0246: The type or namespace name 'UnitAvailability' could not be found (are you missing a using directive or an assembly reference?) [/home/ameen/Desktop/BOOKIN/BOOKIN/backend/YemenBooking.Infrastructure/YemenBooking.Infrastructure.csproj]
/home/ameen/Desktop/BOOKIN/BOOKIN/backend/YemenBooking.Infrastructure/Services/AvailabilityService.cs(220,15): error CS0103: The name '_availabilityRepository' does not exist in the current context [/home/ameen/Desktop/BOOKIN/BOOKIN/backend/YemenBooking.Infrastructure/YemenBooking.Infrastructure.csproj]
/home/ameen/Desktop/BOOKIN/BOOKIN/backend/YemenBooking.Infrastructure/Services/AvailabilityService.cs(221,15): error CS0103: The name '_availabilityRepository' does not exist in the current context [/home/ameen/Desktop/BOOKIN/BOOKIN/backend/YemenBooking.Infrastructure/YemenBooking.Infrastructure.csproj]
/home/ameen/Desktop/BOOKIN/BOOKIN/backend/YemenBooking.Infrastructure/Services/AvailabilityService.cs(226,25): error CS0103: The name '_availabilityRepository' does not exist in the current context [/home/ameen/Desktop/BOOKIN/BOOKIN/backend/YemenBooking.Infrastructure/YemenBooking.Infrastructure.csproj]
/home/ameen/Desktop/BOOKIN/BOOKIN/backend/YemenBooking.Infrastructure/Services/AvailabilityService.cs(233,19): error CS0103: The name '_availabilityRepository' does not exist in the current context [/home/ameen/Desktop/BOOKIN/BOOKIN/backend/YemenBooking.Infrastructure/YemenBooking.Infrastructure.csproj]
/home/ameen/Desktop/BOOKIN/BOOKIN/backend/YemenBooking.Infrastructure/Services/AvailabilityService.cs(235,15): error CS0103: The name '_availabilityRepository' does not exist in the current context [/home/ameen/Desktop/BOOKIN/BOOKIN/backend/YemenBooking.Infrastructure/YemenBooking.Infrastructure.csproj]
/home/ameen/Desktop/BOOKIN/BOOKIN/backend/YemenBooking.Infrastructure/Services/AvailabilityService.cs(240,22): error CS0103: The name '_availabilityRepository' does not exist in the current context [/home/ameen/Desktop/BOOKIN/BOOKIN/backend/YemenBooking.Infrastructure/YemenBooking.Infrastructure.csproj]
/home/ameen/Desktop/BOOKIN/BOOKIN/backend/YemenBooking.Infrastructure/Services/AvailabilityService.cs(245,39): error CS0246: The type or namespace name 'UnitAvailability' could not be found (are you missing a using directive or an assembly reference?) [/home/ameen/Desktop/BOOKIN/BOOKIN/backend/YemenBooking.Infrastructure/YemenBooking.Infrastructure.csproj]
/home/ameen/Desktop/BOOKIN/BOOKIN/backend/YemenBooking.Infrastructure/Services/AvailabilityService.cs(252,23): error CS0103: The name '_availabilityRepository' does not exist in the current context [/home/ameen/Desktop/BOOKIN/BOOKIN/backend/YemenBooking.Infrastructure/YemenBooking.Infrastructure.csproj]
/home/ameen/Desktop/BOOKIN/BOOKIN/backend/YemenBooking.Infrastructure/Services/AvailabilityService.cs(255,36): error CS0246: The type or namespace name 'UnitAvailability' could not be found (are you missing a using directive or an assembly reference?) [/home/ameen/Desktop/BOOKIN/BOOKIN/backend/YemenBooking.Infrastructure/YemenBooking.Infrastructure.csproj]
/home/ameen/Desktop/BOOKIN/BOOKIN/backend/YemenBooking.Infrastructure/Services/AvailabilityService.cs(271,15): error CS0103: The name '_availabilityRepository' does not exist in the current context [/home/ameen/Desktop/BOOKIN/BOOKIN/backend/YemenBooking.Infrastructure/YemenBooking.Infrastructure.csproj]
/home/ameen/Desktop/BOOKIN/BOOKIN/backend/YemenBooking.Infrastructure/Services/CurrencySettingsService.cs(133,48): error CS1061: 'YemenBookingDbContext' does not contain a definition for 'PricingRules' and no accessible extension method 'PricingRules' accepting a first argument of type 'YemenBookingDbContext' could be found (are you missing a using directive or an assembly reference?) [/home/ameen/Desktop/BOOKIN/BOOKIN/backend/YemenBooking.Infrastructure/YemenBooking.Infrastructure.csproj]
/home/ameen/Desktop/BOOKIN/BOOKIN/backend/YemenBooking.Infrastructure/Services/CurrencySettingsService.cs(134,34): error CS1061: 'TEntity' does not contain a definition for 'Currency' and no accessible extension method 'Currency' accepting a first argument of type 'TEntity' could be found (are you missing a using directive or an assembly reference?) [/home/ameen/Desktop/BOOKIN/BOOKIN/backend/YemenBooking.Infrastructure/YemenBooking.Infrastructure.csproj]
/home/ameen/Desktop/BOOKIN/BOOKIN/backend/YemenBooking.Infrastructure/Services/CurrencySettingsService.cs(134,63): error CS1061: 'TEntity' does not contain a definition for 'IsDeleted' and no accessible extension method 'IsDeleted' accepting a first argument of type 'TEntity' could be found (are you missing a using directive or an assembly reference?) [/home/ameen/Desktop/BOOKIN/BOOKIN/backend/YemenBooking.Infrastructure/YemenBooking.Infrastructure.csproj]
    127 Warning(s)
    23 Error(s)

Time Elapsed 00:00:03.67
