  Determining projects to restore...
  All projects are up-to-date for restore.
  YemenBooking.Core -> /home/ameen/Desktop/BOOKIN/BOOKIN/backend/YemenBooking.Core/bin/Debug/net8.0/YemenBooking.Core.dll
/home/ameen/Desktop/BOOKIN/BOOKIN/backend/YemenBooking.Application_New/Features/Amenities/Queries/GetAllAmenities/GetAllAmenitiesQueryHandler.cs(5,7): warning CS0105: The using directive for 'YemenBooking.Application.Features.Amenities' appeared previously in this namespace [/home/ameen/Desktop/BOOKIN/BOOKIN/backend/YemenBooking.Application_New/YemenBooking.Application.csproj]
/home/ameen/Desktop/BOOKIN/BOOKIN/backend/YemenBooking.Application_New/Features/Amenities/Queries/GetAmenityById/GetAmenityByIdQueryHandler.cs(5,7): warning CS0105: The using directive for 'YemenBooking.Application.Features.Amenities' appeared previously in this namespace [/home/ameen/Desktop/BOOKIN/BOOKIN/backend/YemenBooking.Application_New/YemenBooking.Application.csproj]
/home/ameen/Desktop/BOOKIN/BOOKIN/backend/YemenBooking.Application_New/Features/Amenities/Queries/GetAmenityStats/GetAmenityStatsQueryHandler.cs(6,7): warning CS0105: The using directive for 'YemenBooking.Application.Features.Amenities' appeared previously in this namespace [/home/ameen/Desktop/BOOKIN/BOOKIN/backend/YemenBooking.Application_New/YemenBooking.Application.csproj]
/home/ameen/Desktop/BOOKIN/BOOKIN/backend/YemenBooking.Application_New/Features/Amenities/Queries/GetPopularAmenities/GetPopularAmenitiesQueryHandler.cs(6,7): warning CS0105: The using directive for 'YemenBooking.Application.Features.Amenities' appeared previously in this namespace [/home/ameen/Desktop/BOOKIN/BOOKIN/backend/YemenBooking.Application_New/YemenBooking.Application.csproj]
/home/ameen/Desktop/BOOKIN/BOOKIN/backend/YemenBooking.Application_New/Features/Analytics/Queries/BookingAnalytics/GetBookingWindowAnalysisQueryHandler.cs(7,7): warning CS0105: The using directive for 'YemenBooking.Application.Features.Analytics' appeared previously in this namespace [/home/ameen/Desktop/BOOKIN/BOOKIN/backend/YemenBooking.Application_New/YemenBooking.Application.csproj]
/home/ameen/Desktop/BOOKIN/BOOKIN/backend/YemenBooking.Application_New/Features/Analytics/Queries/FinancialAnalytics/GetPlatformRevenueBreakdownQueryHandler.cs(7,7): warning CS0105: The using directive for 'YemenBooking.Application.Features.Analytics' appeared previously in this namespace [/home/ameen/Desktop/BOOKIN/BOOKIN/backend/YemenBooking.Application_New/YemenBooking.Application.csproj]
/home/ameen/Desktop/BOOKIN/BOOKIN/backend/YemenBooking.Application_New/Features/Analytics/Queries/GetPlatformCancellationAnalysisQueryHandler.cs(9,7): warning CS0105: The using directive for 'YemenBooking.Application.Features.Analytics' appeared previously in this namespace [/home/ameen/Desktop/BOOKIN/BOOKIN/backend/YemenBooking.Application_New/YemenBooking.Application.csproj]
/home/ameen/Desktop/BOOKIN/BOOKIN/backend/YemenBooking.Application_New/Features/Analytics/Queries/GetReviewSentimentAnalysisQueryHandler.cs(7,7): warning CS0105: The using directive for 'YemenBooking.Application.Features.Analytics' appeared previously in this namespace [/home/ameen/Desktop/BOOKIN/BOOKIN/backend/YemenBooking.Application_New/YemenBooking.Application.csproj]
/home/ameen/Desktop/BOOKIN/BOOKIN/backend/YemenBooking.Application_New/Features/Analytics/Queries/PropertyAnalytics/GetPropertyPerformanceComparisonQueryHandler.cs(7,7): warning CS0105: The using directive for 'YemenBooking.Application.Features.Analytics' appeared previously in this namespace [/home/ameen/Desktop/BOOKIN/BOOKIN/backend/YemenBooking.Application_New/YemenBooking.Application.csproj]
/home/ameen/Desktop/BOOKIN/BOOKIN/backend/YemenBooking.Application_New/Features/Analytics/Queries/UserAnalytics/GetCustomerCohortAnalysisQueryHandler.cs(9,7): warning CS0105: The using directive for 'YemenBooking.Application.Features.Analytics' appeared previously in this namespace [/home/ameen/Desktop/BOOKIN/BOOKIN/backend/YemenBooking.Application_New/YemenBooking.Application.csproj]
/home/ameen/Desktop/BOOKIN/BOOKIN/backend/YemenBooking.Application_New/Features/Analytics/Queries/UserAnalytics/GetUserAcquisitionFunnelQueryHandler.cs(7,7): warning CS0105: The using directive for 'YemenBooking.Application.Features.Analytics' appeared previously in this namespace [/home/ameen/Desktop/BOOKIN/BOOKIN/backend/YemenBooking.Application_New/YemenBooking.Application.csproj]
/home/ameen/Desktop/BOOKIN/BOOKIN/backend/YemenBooking.Application_New/Features/Analytics/Queries/UserAnalytics/GetUserLifetimeStatsQueryHandler.cs(7,7): warning CS0105: The using directive for 'YemenBooking.Application.Features.Analytics' appeared previously in this namespace [/home/ameen/Desktop/BOOKIN/BOOKIN/backend/YemenBooking.Application_New/YemenBooking.Application.csproj]
/home/ameen/Desktop/BOOKIN/BOOKIN/backend/YemenBooking.Application_New/Features/Authentication/Commands/Account/DeleteAccountCommandHandler.cs(5,7): warning CS0105: The using directive for 'YemenBooking.Application.Features.Authentication' appeared previously in this namespace [/home/ameen/Desktop/BOOKIN/BOOKIN/backend/YemenBooking.Application_New/YemenBooking.Application.csproj]
/home/ameen/Desktop/BOOKIN/BOOKIN/backend/YemenBooking.Application_New/Features/Authentication/Commands/ChangePassword/ChangePasswordCommandHandler.cs(6,7): warning CS0105: The using directive for 'YemenBooking.Application.Features.Authentication' appeared previously in this namespace [/home/ameen/Desktop/BOOKIN/BOOKIN/backend/YemenBooking.Application_New/YemenBooking.Application.csproj]
/home/ameen/Desktop/BOOKIN/BOOKIN/backend/YemenBooking.Application_New/Features/Authentication/Commands/Login/ClientLoginUserCommandHandler.cs(10,7): warning CS0105: The using directive for 'YemenBooking.Application.Infrastructure.Services' appeared previously in this namespace [/home/ameen/Desktop/BOOKIN/BOOKIN/backend/YemenBooking.Application_New/YemenBooking.Application.csproj]
/home/ameen/Desktop/BOOKIN/BOOKIN/backend/YemenBooking.Application_New/Features/Authentication/Commands/Login/LoginCommandHandler.cs(15,7): warning CS0105: The using directive for 'YemenBooking.Application.Features.Authentication.Services' appeared previously in this namespace [/home/ameen/Desktop/BOOKIN/BOOKIN/backend/YemenBooking.Application_New/YemenBooking.Application.csproj]
/home/ameen/Desktop/BOOKIN/BOOKIN/backend/YemenBooking.Application_New/Features/Authentication/Commands/Logout/LogoutCommandHandler.cs(5,7): warning CS0105: The using directive for 'YemenBooking.Application.Features.Authentication' appeared previously in this namespace [/home/ameen/Desktop/BOOKIN/BOOKIN/backend/YemenBooking.Application_New/YemenBooking.Application.csproj]
/home/ameen/Desktop/BOOKIN/BOOKIN/backend/YemenBooking.Application_New/Features/Authentication/Commands/PasswordReset/RequestPasswordResetCommandHandler.cs(5,7): warning CS0105: The using directive for 'YemenBooking.Application.Features.Authentication' appeared previously in this namespace [/home/ameen/Desktop/BOOKIN/BOOKIN/backend/YemenBooking.Application_New/YemenBooking.Application.csproj]
/home/ameen/Desktop/BOOKIN/BOOKIN/backend/YemenBooking.Application_New/Features/Authentication/Commands/RefreshToken/RefreshTokenCommandHandler.cs(5,7): warning CS0105: The using directive for 'YemenBooking.Application.Features.Authentication' appeared previously in this namespace [/home/ameen/Desktop/BOOKIN/BOOKIN/backend/YemenBooking.Application_New/YemenBooking.Application.csproj]
/home/ameen/Desktop/BOOKIN/BOOKIN/backend/YemenBooking.Application_New/Features/Authentication/Commands/RefreshToken/RefreshTokenCommandHandler.cs(17,7): warning CS0105: The using directive for 'YemenBooking.Application.Features.Authentication.Services' appeared previously in this namespace [/home/ameen/Desktop/BOOKIN/BOOKIN/backend/YemenBooking.Application_New/YemenBooking.Application.csproj]
/home/ameen/Desktop/BOOKIN/BOOKIN/backend/YemenBooking.Application_New/Features/Authentication/Commands/Register/RegisterUserCommandHandler.cs(5,7): warning CS0105: The using directive for 'YemenBooking.Application.Features.Authentication' appeared previously in this namespace [/home/ameen/Desktop/BOOKIN/BOOKIN/backend/YemenBooking.Application_New/YemenBooking.Application.csproj]
/home/ameen/Desktop/BOOKIN/BOOKIN/backend/YemenBooking.Application_New/Features/Authentication/Commands/Register/RegisterUserCommandHandler.cs(10,7): warning CS0105: The using directive for 'YemenBooking.Application.Infrastructure.Services' appeared previously in this namespace [/home/ameen/Desktop/BOOKIN/BOOKIN/backend/YemenBooking.Application_New/YemenBooking.Application.csproj]
/home/ameen/Desktop/BOOKIN/BOOKIN/backend/YemenBooking.Application_New/Features/Authentication/Commands/Register/RegisterUserCommandHandler.cs(18,7): warning CS0105: The using directive for 'YemenBooking.Application.Features.Authentication.Services' appeared previously in this namespace [/home/ameen/Desktop/BOOKIN/BOOKIN/backend/YemenBooking.Application_New/YemenBooking.Application.csproj]
/home/ameen/Desktop/BOOKIN/BOOKIN/backend/YemenBooking.Application_New/Features/Authentication/Commands/RegisterOwner/RegisterPropertyOwnerCommandHandler.cs(11,7): warning CS0105: The using directive for 'YemenBooking.Application.Infrastructure.Services' appeared previously in this namespace [/home/ameen/Desktop/BOOKIN/BOOKIN/backend/YemenBooking.Application_New/YemenBooking.Application.csproj]
/home/ameen/Desktop/BOOKIN/BOOKIN/backend/YemenBooking.Application_New/Features/Authentication/Commands/RegisterOwner/RegisterPropertyOwnerCommandHandler.cs(16,7): warning CS0105: The using directive for 'YemenBooking.Application.Features.Authentication.Services' appeared previously in this namespace [/home/ameen/Desktop/BOOKIN/BOOKIN/backend/YemenBooking.Application_New/YemenBooking.Application.csproj]
/home/ameen/Desktop/BOOKIN/BOOKIN/backend/YemenBooking.Application_New/Features/Authentication/Commands/UpdateUser/UpdateUserProfileCommandHandler.cs(5,7): warning CS0105: The using directive for 'YemenBooking.Application.Features.Authentication' appeared previously in this namespace [/home/ameen/Desktop/BOOKIN/BOOKIN/backend/YemenBooking.Application_New/YemenBooking.Application.csproj]
/home/ameen/Desktop/BOOKIN/BOOKIN/backend/YemenBooking.Application_New/Features/Authentication/Commands/VerifyEmail/ResendEmailVerificationCommandHandler.cs(5,7): warning CS0105: The using directive for 'YemenBooking.Application.Features.Authentication' appeared previously in this namespace [/home/ameen/Desktop/BOOKIN/BOOKIN/backend/YemenBooking.Application_New/YemenBooking.Application.csproj]
/home/ameen/Desktop/BOOKIN/BOOKIN/backend/YemenBooking.Application_New/Features/Authentication/Commands/VerifyEmail/VerifyEmailCommandHandler.cs(5,7): warning CS0105: The using directive for 'YemenBooking.Application.Features.Authentication' appeared previously in this namespace [/home/ameen/Desktop/BOOKIN/BOOKIN/backend/YemenBooking.Application_New/YemenBooking.Application.csproj]
/home/ameen/Desktop/BOOKIN/BOOKIN/backend/YemenBooking.Application_New/Features/Booking/Commands/CreateBooking/ClientCreateBookingCommandHandler.cs(10,7): warning CS0105: The using directive for 'YemenBooking.Application.Infrastructure.Services' appeared previously in this namespace [/home/ameen/Desktop/BOOKIN/BOOKIN/backend/YemenBooking.Application_New/YemenBooking.Application.csproj]
/home/ameen/Desktop/BOOKIN/BOOKIN/backend/YemenBooking.Application_New/Features/Bookings/Commands/CancelBooking/CancelBookingCommandHandler.cs(10,7): warning CS0105: The using directive for 'YemenBooking.Core.Interfaces.Repositories' appeared previously in this namespace [/home/ameen/Desktop/BOOKIN/BOOKIN/backend/YemenBooking.Application_New/YemenBooking.Application.csproj]
/home/ameen/Desktop/BOOKIN/BOOKIN/backend/YemenBooking.Application_New/Features/Bookings/Commands/CancelBooking/CancelBookingCommandHandler.cs(13,7): warning CS0105: The using directive for 'YemenBooking.Application.Infrastructure.Services' appeared previously in this namespace [/home/ameen/Desktop/BOOKIN/BOOKIN/backend/YemenBooking.Application_New/YemenBooking.Application.csproj]
/home/ameen/Desktop/BOOKIN/BOOKIN/backend/YemenBooking.Application_New/Features/Bookings/Commands/CheckInOut/CheckOutBookingCommandHandler.cs(9,7): warning CS0105: The using directive for 'YemenBooking.Application.Infrastructure.Services' appeared previously in this namespace [/home/ameen/Desktop/BOOKIN/BOOKIN/backend/YemenBooking.Application_New/YemenBooking.Application.csproj]
/home/ameen/Desktop/BOOKIN/BOOKIN/backend/YemenBooking.Application_New/Features/Bookings/Queries/GetBookingById/GetBookingByIdQueryHandler.cs(10,7): warning CS0105: The using directive for 'YemenBooking.Application.Features.Bookings' appeared previously in this namespace [/home/ameen/Desktop/BOOKIN/BOOKIN/backend/YemenBooking.Application_New/YemenBooking.Application.csproj]
/home/ameen/Desktop/BOOKIN/BOOKIN/backend/YemenBooking.Application_New/Features/DynamicFields/Commands/ManageFieldGroups/DeleteFieldGroupCommandHandler.cs(10,7): warning CS0105: The using directive for 'YemenBooking.Core.Interfaces' appeared previously in this namespace [/home/ameen/Desktop/BOOKIN/BOOKIN/backend/YemenBooking.Application_New/YemenBooking.Application.csproj]
/home/ameen/Desktop/BOOKIN/BOOKIN/backend/YemenBooking.Application_New/Features/Notifications/Commands/BroadcastNotifications/BroadcastNotificationCommandHandler.cs(14,7): warning CS0105: The using directive for 'YemenBooking.Application.Infrastructure.Services' appeared previously in this namespace [/home/ameen/Desktop/BOOKIN/BOOKIN/backend/YemenBooking.Application_New/YemenBooking.Application.csproj]
/home/ameen/Desktop/BOOKIN/BOOKIN/backend/YemenBooking.Application_New/Features/Notifications/Commands/ManageNotifications/CreateNotificationCommandHandler.cs(15,7): warning CS0105: The using directive for 'YemenBooking.Application.Infrastructure.Services' appeared previously in this namespace [/home/ameen/Desktop/BOOKIN/BOOKIN/backend/YemenBooking.Application_New/YemenBooking.Application.csproj]
/home/ameen/Desktop/BOOKIN/BOOKIN/backend/YemenBooking.Application_New/Features/Payments/Commands/PaymentStatus/UpdatePaymentStatusCommandHandler.cs(10,7): warning CS0105: The using directive for 'YemenBooking.Core.Entities' appeared previously in this namespace [/home/ameen/Desktop/BOOKIN/BOOKIN/backend/YemenBooking.Application_New/YemenBooking.Application.csproj]
/home/ameen/Desktop/BOOKIN/BOOKIN/backend/YemenBooking.Application_New/Features/Payments/Commands/RefundPayment/RefundPaymentCommandHandler.cs(15,7): warning CS0105: The using directive for 'YemenBooking.Application.Common.Interfaces' appeared previously in this namespace [/home/ameen/Desktop/BOOKIN/BOOKIN/backend/YemenBooking.Application_New/YemenBooking.Application.csproj]
/home/ameen/Desktop/BOOKIN/BOOKIN/backend/YemenBooking.Application_New/Features/Payments/Queries/GetPaymentMethods/ClientGetPaymentMethodsQueryHandler.cs(10,7): warning CS0105: The using directive for 'YemenBooking.Application.Features.Payments.DTOs' appeared previously in this namespace [/home/ameen/Desktop/BOOKIN/BOOKIN/backend/YemenBooking.Application_New/YemenBooking.Application.csproj]
/home/ameen/Desktop/BOOKIN/BOOKIN/backend/YemenBooking.Application_New/Features/Properties/Commands/ApproveProperty/ApprovePropertyCommandHandler.cs(15,7): warning CS0105: The using directive for 'YemenBooking.Application.Infrastructure.Services' appeared previously in this namespace [/home/ameen/Desktop/BOOKIN/BOOKIN/backend/YemenBooking.Application_New/YemenBooking.Application.csproj]
/home/ameen/Desktop/BOOKIN/BOOKIN/backend/YemenBooking.Application_New/Features/Properties/Commands/OptimizeImages/OptimizeImageCommand.cs(4,7): warning CS0105: The using directive for 'YemenBooking.Application.Common.Models' appeared previously in this namespace [/home/ameen/Desktop/BOOKIN/BOOKIN/backend/YemenBooking.Application_New/YemenBooking.Application.csproj]
/home/ameen/Desktop/BOOKIN/BOOKIN/backend/YemenBooking.Application_New/Features/Properties/Queries/GetAllProperties/GetAllPropertiesQueryHandler.cs(17,7): warning CS0105: The using directive for 'YemenBooking.Application.Features.Properties.DTOs' appeared previously in this namespace [/home/ameen/Desktop/BOOKIN/BOOKIN/backend/YemenBooking.Application_New/YemenBooking.Application.csproj]
/home/ameen/Desktop/BOOKIN/BOOKIN/backend/YemenBooking.Application_New/Features/Properties/Queries/GetImages/GetImagesQuery.cs(4,7): warning CS0105: The using directive for 'YemenBooking.Application.Common.Models' appeared previously in this namespace [/home/ameen/Desktop/BOOKIN/BOOKIN/backend/YemenBooking.Application_New/YemenBooking.Application.csproj]
/home/ameen/Desktop/BOOKIN/BOOKIN/backend/YemenBooking.Application_New/Features/Properties/Queries/GetImages/GetImagesQuery.cs(5,7): warning CS0105: The using directive for 'YemenBooking.Application.Common.Models' appeared previously in this namespace [/home/ameen/Desktop/BOOKIN/BOOKIN/backend/YemenBooking.Application_New/YemenBooking.Application.csproj]
/home/ameen/Desktop/BOOKIN/BOOKIN/backend/YemenBooking.Application_New/Features/Properties/Queries/GetNearbyProperties/GetNearbyPropertiesQueryHandler.cs(5,7): warning CS0105: The using directive for 'YemenBooking.Application.Features.Properties' appeared previously in this namespace [/home/ameen/Desktop/BOOKIN/BOOKIN/backend/YemenBooking.Application_New/YemenBooking.Application.csproj]
/home/ameen/Desktop/BOOKIN/BOOKIN/backend/YemenBooking.Application_New/Features/Properties/Queries/GetPropertyDetails/ClientGetPropertyDetailsQueryHandler.cs(5,7): warning CS0105: The using directive for 'YemenBooking.Application.Features.Properties' appeared previously in this namespace [/home/ameen/Desktop/BOOKIN/BOOKIN/backend/YemenBooking.Application_New/YemenBooking.Application.csproj]
/home/ameen/Desktop/BOOKIN/BOOKIN/backend/YemenBooking.Application_New/Features/Properties/Queries/GetPropertyDetails/ClientGetPropertyDetailsQueryHandler.cs(9,7): warning CS0105: The using directive for 'YemenBooking.Application.Features.Properties.DTOs' appeared previously in this namespace [/home/ameen/Desktop/BOOKIN/BOOKIN/backend/YemenBooking.Application_New/YemenBooking.Application.csproj]
/home/ameen/Desktop/BOOKIN/BOOKIN/backend/YemenBooking.Application_New/Features/Properties/Queries/GetUploadProgress/GetUploadProgressQueryHandler.cs(8,7): warning CS0105: The using directive for 'YemenBooking.Application.Infrastructure.Services' appeared previously in this namespace [/home/ameen/Desktop/BOOKIN/BOOKIN/backend/YemenBooking.Application_New/YemenBooking.Application.csproj]
/home/ameen/Desktop/BOOKIN/BOOKIN/backend/YemenBooking.Application_New/Features/SearchAndFilters/Queries/GetPopularDestinations/GetPopularDestinationsQuery.cs(5,7): warning CS0105: The using directive for 'YemenBooking.Application.Common.Models' appeared previously in this namespace [/home/ameen/Desktop/BOOKIN/BOOKIN/backend/YemenBooking.Application_New/YemenBooking.Application.csproj]
/home/ameen/Desktop/BOOKIN/BOOKIN/backend/YemenBooking.Application_New/Features/SearchAndFilters/Queries/GetPrivacyPolicy/GetPrivacyPolicyQueryHandler.cs(5,7): warning CS0105: The using directive for 'YemenBooking.Application.Common' appeared previously in this namespace [/home/ameen/Desktop/BOOKIN/BOOKIN/backend/YemenBooking.Application_New/YemenBooking.Application.csproj]
/home/ameen/Desktop/BOOKIN/BOOKIN/backend/YemenBooking.Application_New/Features/SearchAndFilters/Queries/GetRecommendedProperties/GetRecommendedPropertiesQueryHandler.cs(5,7): warning CS0105: The using directive for 'YemenBooking.Application.Features.SearchAndFilters' appeared previously in this namespace [/home/ameen/Desktop/BOOKIN/BOOKIN/backend/YemenBooking.Application_New/YemenBooking.Application.csproj]
/home/ameen/Desktop/BOOKIN/BOOKIN/backend/YemenBooking.Application_New/Features/SearchAndFilters/Queries/GetTermsAndConditions/GetTermsAndConditionsQueryHandler.cs(5,7): warning CS0105: The using directive for 'YemenBooking.Application.Common' appeared previously in this namespace [/home/ameen/Desktop/BOOKIN/BOOKIN/backend/YemenBooking.Application_New/YemenBooking.Application.csproj]
/home/ameen/Desktop/BOOKIN/BOOKIN/backend/YemenBooking.Application_New/Features/Sections/Commands/ManageSections/CreateSectionCommandHandler.cs(4,7): warning CS0105: The using directive for 'YemenBooking.Application.Features.Sections' appeared previously in this namespace [/home/ameen/Desktop/BOOKIN/BOOKIN/backend/YemenBooking.Application_New/YemenBooking.Application.csproj]
/home/ameen/Desktop/BOOKIN/BOOKIN/backend/YemenBooking.Application_New/Features/Sections/Commands/ManageSections/UpdateSectionCommandHandler.cs(4,7): warning CS0105: The using directive for 'YemenBooking.Application.Features.Sections' appeared previously in this namespace [/home/ameen/Desktop/BOOKIN/BOOKIN/backend/YemenBooking.Application_New/YemenBooking.Application.csproj]
/home/ameen/Desktop/BOOKIN/BOOKIN/backend/YemenBooking.Application_New/Features/Sections/Queries/GetAllSections/GetAllSectionsQueryHandler.cs(4,7): warning CS0105: The using directive for 'YemenBooking.Application.Features.Sections' appeared previously in this namespace [/home/ameen/Desktop/BOOKIN/BOOKIN/backend/YemenBooking.Application_New/YemenBooking.Application.csproj]
/home/ameen/Desktop/BOOKIN/BOOKIN/backend/YemenBooking.Application_New/Features/Sections/Queries/GetSectionById/GetSectionByIdQueryHandler.cs(5,7): warning CS0105: The using directive for 'YemenBooking.Application.Features.Sections' appeared previously in this namespace [/home/ameen/Desktop/BOOKIN/BOOKIN/backend/YemenBooking.Application_New/YemenBooking.Application.csproj]
/home/ameen/Desktop/BOOKIN/BOOKIN/backend/YemenBooking.Application_New/Features/Sections/Queries/GetSections/GetSectionsQueryHandler.cs(5,7): warning CS0105: The using directive for 'YemenBooking.Application.Features.Sections' appeared previously in this namespace [/home/ameen/Desktop/BOOKIN/BOOKIN/backend/YemenBooking.Application_New/YemenBooking.Application.csproj]
/home/ameen/Desktop/BOOKIN/BOOKIN/backend/YemenBooking.Application_New/Features/Staffs/Commands/ManageStaff/AddStaffCommandHandler.cs(14,7): warning CS0105: The using directive for 'YemenBooking.Core.Entities' appeared previously in this namespace [/home/ameen/Desktop/BOOKIN/BOOKIN/backend/YemenBooking.Application_New/YemenBooking.Application.csproj]
/home/ameen/Desktop/BOOKIN/BOOKIN/backend/YemenBooking.Application_New/Features/Units/Commands/DeleteUnit/DeleteUnitCommandHandler.cs(14,7): warning CS0105: The using directive for 'YemenBooking.Application.Infrastructure.Services' appeared previously in this namespace [/home/ameen/Desktop/BOOKIN/BOOKIN/backend/YemenBooking.Application_New/YemenBooking.Application.csproj]
/home/ameen/Desktop/BOOKIN/BOOKIN/backend/YemenBooking.Application_New/Features/Units/Queries/GetAvailableUnits/GetAvailableUnitsQueryHandler.cs(5,7): warning CS0105: The using directive for 'YemenBooking.Application.Features.Units' appeared previously in this namespace [/home/ameen/Desktop/BOOKIN/BOOKIN/backend/YemenBooking.Application_New/YemenBooking.Application.csproj]
/home/ameen/Desktop/BOOKIN/BOOKIN/backend/YemenBooking.Application_New/Features/Units/Queries/GetUnitById/GetUnitByIdQueryHandler.cs(10,7): warning CS0105: The using directive for 'YemenBooking.Application.Features.Units' appeared previously in this namespace [/home/ameen/Desktop/BOOKIN/BOOKIN/backend/YemenBooking.Application_New/YemenBooking.Application.csproj]
/home/ameen/Desktop/BOOKIN/BOOKIN/backend/YemenBooking.Application_New/Features/Units/Queries/GetUnitDetails/GetUnitDetailsQueryHandler.cs(5,7): warning CS0105: The using directive for 'YemenBooking.Application.Features.Units' appeared previously in this namespace [/home/ameen/Desktop/BOOKIN/BOOKIN/backend/YemenBooking.Application_New/YemenBooking.Application.csproj]
/home/ameen/Desktop/BOOKIN/BOOKIN/backend/YemenBooking.Application_New/Features/Users/Commands/DeleteUser/ActivateUserCommandHandler.cs(14,7): warning CS0105: The using directive for 'YemenBooking.Application.Features.Authentication.Services' appeared previously in this namespace [/home/ameen/Desktop/BOOKIN/BOOKIN/backend/YemenBooking.Application_New/YemenBooking.Application.csproj]
/home/ameen/Desktop/BOOKIN/BOOKIN/backend/YemenBooking.Application_New/Features/Users/Commands/UpdateUser/UpdateUserSettingsCommandHandler.cs(7,7): warning CS0105: The using directive for 'YemenBooking.Application.Infrastructure.Services' appeared previously in this namespace [/home/ameen/Desktop/BOOKIN/BOOKIN/backend/YemenBooking.Application_New/YemenBooking.Application.csproj]
/home/ameen/Desktop/BOOKIN/BOOKIN/backend/YemenBooking.Application_New/Features/Users/Queries/GetAllUsers/GetAllUsersQueryHandler.cs(12,7): warning CS0105: The using directive for 'YemenBooking.Application.Features.Users' appeared previously in this namespace [/home/ameen/Desktop/BOOKIN/BOOKIN/backend/YemenBooking.Application_New/YemenBooking.Application.csproj]
/home/ameen/Desktop/BOOKIN/BOOKIN/backend/YemenBooking.Application_New/Features/Users/Queries/GetCurrentUser/GetCurrentUserQueryHandler.cs(9,7): warning CS0105: The using directive for 'YemenBooking.Application.Features.Users' appeared previously in this namespace [/home/ameen/Desktop/BOOKIN/BOOKIN/backend/YemenBooking.Application_New/YemenBooking.Application.csproj]
/home/ameen/Desktop/BOOKIN/BOOKIN/backend/YemenBooking.Application_New/Features/Users/Queries/GetUserById/GetUserByIdQueryHandler.cs(9,7): warning CS0105: The using directive for 'YemenBooking.Application.Features.Users' appeared previously in this namespace [/home/ameen/Desktop/BOOKIN/BOOKIN/backend/YemenBooking.Application_New/YemenBooking.Application.csproj]
/home/ameen/Desktop/BOOKIN/BOOKIN/backend/YemenBooking.Application_New/Features/Users/Queries/GetUsersByRole/GetUsersByRoleQueryHandler.cs(11,7): warning CS0105: The using directive for 'YemenBooking.Application.Features.Users' appeared previously in this namespace [/home/ameen/Desktop/BOOKIN/BOOKIN/backend/YemenBooking.Application_New/YemenBooking.Application.csproj]
/home/ameen/Desktop/BOOKIN/BOOKIN/backend/YemenBooking.Application_New/Features/Users/Queries/SearchUsers/SearchUsersQueryHandler.cs(12,7): warning CS0105: The using directive for 'YemenBooking.Application.Features.Users' appeared previously in this namespace [/home/ameen/Desktop/BOOKIN/BOOKIN/backend/YemenBooking.Application_New/YemenBooking.Application.csproj]
/home/ameen/Desktop/BOOKIN/BOOKIN/backend/YemenBooking.Application_New/Infrastructure/Services/IGeolocationService.cs(13,67): warning CS8625: Cannot convert null literal to non-nullable reference type. [/home/ameen/Desktop/BOOKIN/BOOKIN/backend/YemenBooking.Application_New/YemenBooking.Application.csproj]
/home/ameen/Desktop/BOOKIN/BOOKIN/backend/YemenBooking.Application_New/Infrastructure/Services/IGeolocationService.cs(36,71): warning CS8625: Cannot convert null literal to non-nullable reference type. [/home/ameen/Desktop/BOOKIN/BOOKIN/backend/YemenBooking.Application_New/YemenBooking.Application.csproj]
/home/ameen/Desktop/BOOKIN/BOOKIN/backend/YemenBooking.Application_New/Infrastructure/Services/IGeolocationService.cs(42,71): warning CS8625: Cannot convert null literal to non-nullable reference type. [/home/ameen/Desktop/BOOKIN/BOOKIN/backend/YemenBooking.Application_New/YemenBooking.Application.csproj]
/home/ameen/Desktop/BOOKIN/BOOKIN/backend/YemenBooking.Application_New/Features/Analytics/DTOs/UnitManagementDataDto.cs(9,28): warning CS0618: 'PricingRuleDto' is obsolete: 'استخدم DailyScheduleDto بدلاً من ذلك - Use DailyScheduleDto instead' [/home/ameen/Desktop/BOOKIN/BOOKIN/backend/YemenBooking.Application_New/YemenBooking.Application.csproj]
/home/ameen/Desktop/BOOKIN/BOOKIN/backend/YemenBooking.Application_New/Features/SearchAndFilters/DTOs/SearchPropertiesResponse.cs(83,16): error CS0246: The type or namespace name 'SearchRelaxationLevel' could not be found (are you missing a using directive or an assembly reference?) [/home/ameen/Desktop/BOOKIN/BOOKIN/backend/YemenBooking.Application_New/YemenBooking.Application.csproj]

Build FAILED.

/home/ameen/Desktop/BOOKIN/BOOKIN/backend/YemenBooking.Application_New/Features/Amenities/Queries/GetAllAmenities/GetAllAmenitiesQueryHandler.cs(5,7): warning CS0105: The using directive for 'YemenBooking.Application.Features.Amenities' appeared previously in this namespace [/home/ameen/Desktop/BOOKIN/BOOKIN/backend/YemenBooking.Application_New/YemenBooking.Application.csproj]
/home/ameen/Desktop/BOOKIN/BOOKIN/backend/YemenBooking.Application_New/Features/Amenities/Queries/GetAmenityById/GetAmenityByIdQueryHandler.cs(5,7): warning CS0105: The using directive for 'YemenBooking.Application.Features.Amenities' appeared previously in this namespace [/home/ameen/Desktop/BOOKIN/BOOKIN/backend/YemenBooking.Application_New/YemenBooking.Application.csproj]
/home/ameen/Desktop/BOOKIN/BOOKIN/backend/YemenBooking.Application_New/Features/Amenities/Queries/GetAmenityStats/GetAmenityStatsQueryHandler.cs(6,7): warning CS0105: The using directive for 'YemenBooking.Application.Features.Amenities' appeared previously in this namespace [/home/ameen/Desktop/BOOKIN/BOOKIN/backend/YemenBooking.Application_New/YemenBooking.Application.csproj]
/home/ameen/Desktop/BOOKIN/BOOKIN/backend/YemenBooking.Application_New/Features/Amenities/Queries/GetPopularAmenities/GetPopularAmenitiesQueryHandler.cs(6,7): warning CS0105: The using directive for 'YemenBooking.Application.Features.Amenities' appeared previously in this namespace [/home/ameen/Desktop/BOOKIN/BOOKIN/backend/YemenBooking.Application_New/YemenBooking.Application.csproj]
/home/ameen/Desktop/BOOKIN/BOOKIN/backend/YemenBooking.Application_New/Features/Analytics/Queries/BookingAnalytics/GetBookingWindowAnalysisQueryHandler.cs(7,7): warning CS0105: The using directive for 'YemenBooking.Application.Features.Analytics' appeared previously in this namespace [/home/ameen/Desktop/BOOKIN/BOOKIN/backend/YemenBooking.Application_New/YemenBooking.Application.csproj]
/home/ameen/Desktop/BOOKIN/BOOKIN/backend/YemenBooking.Application_New/Features/Analytics/Queries/FinancialAnalytics/GetPlatformRevenueBreakdownQueryHandler.cs(7,7): warning CS0105: The using directive for 'YemenBooking.Application.Features.Analytics' appeared previously in this namespace [/home/ameen/Desktop/BOOKIN/BOOKIN/backend/YemenBooking.Application_New/YemenBooking.Application.csproj]
/home/ameen/Desktop/BOOKIN/BOOKIN/backend/YemenBooking.Application_New/Features/Analytics/Queries/GetPlatformCancellationAnalysisQueryHandler.cs(9,7): warning CS0105: The using directive for 'YemenBooking.Application.Features.Analytics' appeared previously in this namespace [/home/ameen/Desktop/BOOKIN/BOOKIN/backend/YemenBooking.Application_New/YemenBooking.Application.csproj]
/home/ameen/Desktop/BOOKIN/BOOKIN/backend/YemenBooking.Application_New/Features/Analytics/Queries/GetReviewSentimentAnalysisQueryHandler.cs(7,7): warning CS0105: The using directive for 'YemenBooking.Application.Features.Analytics' appeared previously in this namespace [/home/ameen/Desktop/BOOKIN/BOOKIN/backend/YemenBooking.Application_New/YemenBooking.Application.csproj]
/home/ameen/Desktop/BOOKIN/BOOKIN/backend/YemenBooking.Application_New/Features/Analytics/Queries/PropertyAnalytics/GetPropertyPerformanceComparisonQueryHandler.cs(7,7): warning CS0105: The using directive for 'YemenBooking.Application.Features.Analytics' appeared previously in this namespace [/home/ameen/Desktop/BOOKIN/BOOKIN/backend/YemenBooking.Application_New/YemenBooking.Application.csproj]
/home/ameen/Desktop/BOOKIN/BOOKIN/backend/YemenBooking.Application_New/Features/Analytics/Queries/UserAnalytics/GetCustomerCohortAnalysisQueryHandler.cs(9,7): warning CS0105: The using directive for 'YemenBooking.Application.Features.Analytics' appeared previously in this namespace [/home/ameen/Desktop/BOOKIN/BOOKIN/backend/YemenBooking.Application_New/YemenBooking.Application.csproj]
/home/ameen/Desktop/BOOKIN/BOOKIN/backend/YemenBooking.Application_New/Features/Analytics/Queries/UserAnalytics/GetUserAcquisitionFunnelQueryHandler.cs(7,7): warning CS0105: The using directive for 'YemenBooking.Application.Features.Analytics' appeared previously in this namespace [/home/ameen/Desktop/BOOKIN/BOOKIN/backend/YemenBooking.Application_New/YemenBooking.Application.csproj]
/home/ameen/Desktop/BOOKIN/BOOKIN/backend/YemenBooking.Application_New/Features/Analytics/Queries/UserAnalytics/GetUserLifetimeStatsQueryHandler.cs(7,7): warning CS0105: The using directive for 'YemenBooking.Application.Features.Analytics' appeared previously in this namespace [/home/ameen/Desktop/BOOKIN/BOOKIN/backend/YemenBooking.Application_New/YemenBooking.Application.csproj]
/home/ameen/Desktop/BOOKIN/BOOKIN/backend/YemenBooking.Application_New/Features/Authentication/Commands/Account/DeleteAccountCommandHandler.cs(5,7): warning CS0105: The using directive for 'YemenBooking.Application.Features.Authentication' appeared previously in this namespace [/home/ameen/Desktop/BOOKIN/BOOKIN/backend/YemenBooking.Application_New/YemenBooking.Application.csproj]
/home/ameen/Desktop/BOOKIN/BOOKIN/backend/YemenBooking.Application_New/Features/Authentication/Commands/ChangePassword/ChangePasswordCommandHandler.cs(6,7): warning CS0105: The using directive for 'YemenBooking.Application.Features.Authentication' appeared previously in this namespace [/home/ameen/Desktop/BOOKIN/BOOKIN/backend/YemenBooking.Application_New/YemenBooking.Application.csproj]
/home/ameen/Desktop/BOOKIN/BOOKIN/backend/YemenBooking.Application_New/Features/Authentication/Commands/Login/ClientLoginUserCommandHandler.cs(10,7): warning CS0105: The using directive for 'YemenBooking.Application.Infrastructure.Services' appeared previously in this namespace [/home/ameen/Desktop/BOOKIN/BOOKIN/backend/YemenBooking.Application_New/YemenBooking.Application.csproj]
/home/ameen/Desktop/BOOKIN/BOOKIN/backend/YemenBooking.Application_New/Features/Authentication/Commands/Login/LoginCommandHandler.cs(15,7): warning CS0105: The using directive for 'YemenBooking.Application.Features.Authentication.Services' appeared previously in this namespace [/home/ameen/Desktop/BOOKIN/BOOKIN/backend/YemenBooking.Application_New/YemenBooking.Application.csproj]
/home/ameen/Desktop/BOOKIN/BOOKIN/backend/YemenBooking.Application_New/Features/Authentication/Commands/Logout/LogoutCommandHandler.cs(5,7): warning CS0105: The using directive for 'YemenBooking.Application.Features.Authentication' appeared previously in this namespace [/home/ameen/Desktop/BOOKIN/BOOKIN/backend/YemenBooking.Application_New/YemenBooking.Application.csproj]
/home/ameen/Desktop/BOOKIN/BOOKIN/backend/YemenBooking.Application_New/Features/Authentication/Commands/PasswordReset/RequestPasswordResetCommandHandler.cs(5,7): warning CS0105: The using directive for 'YemenBooking.Application.Features.Authentication' appeared previously in this namespace [/home/ameen/Desktop/BOOKIN/BOOKIN/backend/YemenBooking.Application_New/YemenBooking.Application.csproj]
/home/ameen/Desktop/BOOKIN/BOOKIN/backend/YemenBooking.Application_New/Features/Authentication/Commands/RefreshToken/RefreshTokenCommandHandler.cs(5,7): warning CS0105: The using directive for 'YemenBooking.Application.Features.Authentication' appeared previously in this namespace [/home/ameen/Desktop/BOOKIN/BOOKIN/backend/YemenBooking.Application_New/YemenBooking.Application.csproj]
/home/ameen/Desktop/BOOKIN/BOOKIN/backend/YemenBooking.Application_New/Features/Authentication/Commands/RefreshToken/RefreshTokenCommandHandler.cs(17,7): warning CS0105: The using directive for 'YemenBooking.Application.Features.Authentication.Services' appeared previously in this namespace [/home/ameen/Desktop/BOOKIN/BOOKIN/backend/YemenBooking.Application_New/YemenBooking.Application.csproj]
/home/ameen/Desktop/BOOKIN/BOOKIN/backend/YemenBooking.Application_New/Features/Authentication/Commands/Register/RegisterUserCommandHandler.cs(5,7): warning CS0105: The using directive for 'YemenBooking.Application.Features.Authentication' appeared previously in this namespace [/home/ameen/Desktop/BOOKIN/BOOKIN/backend/YemenBooking.Application_New/YemenBooking.Application.csproj]
/home/ameen/Desktop/BOOKIN/BOOKIN/backend/YemenBooking.Application_New/Features/Authentication/Commands/Register/RegisterUserCommandHandler.cs(10,7): warning CS0105: The using directive for 'YemenBooking.Application.Infrastructure.Services' appeared previously in this namespace [/home/ameen/Desktop/BOOKIN/BOOKIN/backend/YemenBooking.Application_New/YemenBooking.Application.csproj]
/home/ameen/Desktop/BOOKIN/BOOKIN/backend/YemenBooking.Application_New/Features/Authentication/Commands/Register/RegisterUserCommandHandler.cs(18,7): warning CS0105: The using directive for 'YemenBooking.Application.Features.Authentication.Services' appeared previously in this namespace [/home/ameen/Desktop/BOOKIN/BOOKIN/backend/YemenBooking.Application_New/YemenBooking.Application.csproj]
/home/ameen/Desktop/BOOKIN/BOOKIN/backend/YemenBooking.Application_New/Features/Authentication/Commands/RegisterOwner/RegisterPropertyOwnerCommandHandler.cs(11,7): warning CS0105: The using directive for 'YemenBooking.Application.Infrastructure.Services' appeared previously in this namespace [/home/ameen/Desktop/BOOKIN/BOOKIN/backend/YemenBooking.Application_New/YemenBooking.Application.csproj]
/home/ameen/Desktop/BOOKIN/BOOKIN/backend/YemenBooking.Application_New/Features/Authentication/Commands/RegisterOwner/RegisterPropertyOwnerCommandHandler.cs(16,7): warning CS0105: The using directive for 'YemenBooking.Application.Features.Authentication.Services' appeared previously in this namespace [/home/ameen/Desktop/BOOKIN/BOOKIN/backend/YemenBooking.Application_New/YemenBooking.Application.csproj]
/home/ameen/Desktop/BOOKIN/BOOKIN/backend/YemenBooking.Application_New/Features/Authentication/Commands/UpdateUser/UpdateUserProfileCommandHandler.cs(5,7): warning CS0105: The using directive for 'YemenBooking.Application.Features.Authentication' appeared previously in this namespace [/home/ameen/Desktop/BOOKIN/BOOKIN/backend/YemenBooking.Application_New/YemenBooking.Application.csproj]
/home/ameen/Desktop/BOOKIN/BOOKIN/backend/YemenBooking.Application_New/Features/Authentication/Commands/VerifyEmail/ResendEmailVerificationCommandHandler.cs(5,7): warning CS0105: The using directive for 'YemenBooking.Application.Features.Authentication' appeared previously in this namespace [/home/ameen/Desktop/BOOKIN/BOOKIN/backend/YemenBooking.Application_New/YemenBooking.Application.csproj]
/home/ameen/Desktop/BOOKIN/BOOKIN/backend/YemenBooking.Application_New/Features/Authentication/Commands/VerifyEmail/VerifyEmailCommandHandler.cs(5,7): warning CS0105: The using directive for 'YemenBooking.Application.Features.Authentication' appeared previously in this namespace [/home/ameen/Desktop/BOOKIN/BOOKIN/backend/YemenBooking.Application_New/YemenBooking.Application.csproj]
/home/ameen/Desktop/BOOKIN/BOOKIN/backend/YemenBooking.Application_New/Features/Booking/Commands/CreateBooking/ClientCreateBookingCommandHandler.cs(10,7): warning CS0105: The using directive for 'YemenBooking.Application.Infrastructure.Services' appeared previously in this namespace [/home/ameen/Desktop/BOOKIN/BOOKIN/backend/YemenBooking.Application_New/YemenBooking.Application.csproj]
/home/ameen/Desktop/BOOKIN/BOOKIN/backend/YemenBooking.Application_New/Features/Bookings/Commands/CancelBooking/CancelBookingCommandHandler.cs(10,7): warning CS0105: The using directive for 'YemenBooking.Core.Interfaces.Repositories' appeared previously in this namespace [/home/ameen/Desktop/BOOKIN/BOOKIN/backend/YemenBooking.Application_New/YemenBooking.Application.csproj]
/home/ameen/Desktop/BOOKIN/BOOKIN/backend/YemenBooking.Application_New/Features/Bookings/Commands/CancelBooking/CancelBookingCommandHandler.cs(13,7): warning CS0105: The using directive for 'YemenBooking.Application.Infrastructure.Services' appeared previously in this namespace [/home/ameen/Desktop/BOOKIN/BOOKIN/backend/YemenBooking.Application_New/YemenBooking.Application.csproj]
/home/ameen/Desktop/BOOKIN/BOOKIN/backend/YemenBooking.Application_New/Features/Bookings/Commands/CheckInOut/CheckOutBookingCommandHandler.cs(9,7): warning CS0105: The using directive for 'YemenBooking.Application.Infrastructure.Services' appeared previously in this namespace [/home/ameen/Desktop/BOOKIN/BOOKIN/backend/YemenBooking.Application_New/YemenBooking.Application.csproj]
/home/ameen/Desktop/BOOKIN/BOOKIN/backend/YemenBooking.Application_New/Features/Bookings/Queries/GetBookingById/GetBookingByIdQueryHandler.cs(10,7): warning CS0105: The using directive for 'YemenBooking.Application.Features.Bookings' appeared previously in this namespace [/home/ameen/Desktop/BOOKIN/BOOKIN/backend/YemenBooking.Application_New/YemenBooking.Application.csproj]
/home/ameen/Desktop/BOOKIN/BOOKIN/backend/YemenBooking.Application_New/Features/DynamicFields/Commands/ManageFieldGroups/DeleteFieldGroupCommandHandler.cs(10,7): warning CS0105: The using directive for 'YemenBooking.Core.Interfaces' appeared previously in this namespace [/home/ameen/Desktop/BOOKIN/BOOKIN/backend/YemenBooking.Application_New/YemenBooking.Application.csproj]
/home/ameen/Desktop/BOOKIN/BOOKIN/backend/YemenBooking.Application_New/Features/Notifications/Commands/BroadcastNotifications/BroadcastNotificationCommandHandler.cs(14,7): warning CS0105: The using directive for 'YemenBooking.Application.Infrastructure.Services' appeared previously in this namespace [/home/ameen/Desktop/BOOKIN/BOOKIN/backend/YemenBooking.Application_New/YemenBooking.Application.csproj]
/home/ameen/Desktop/BOOKIN/BOOKIN/backend/YemenBooking.Application_New/Features/Notifications/Commands/ManageNotifications/CreateNotificationCommandHandler.cs(15,7): warning CS0105: The using directive for 'YemenBooking.Application.Infrastructure.Services' appeared previously in this namespace [/home/ameen/Desktop/BOOKIN/BOOKIN/backend/YemenBooking.Application_New/YemenBooking.Application.csproj]
/home/ameen/Desktop/BOOKIN/BOOKIN/backend/YemenBooking.Application_New/Features/Payments/Commands/PaymentStatus/UpdatePaymentStatusCommandHandler.cs(10,7): warning CS0105: The using directive for 'YemenBooking.Core.Entities' appeared previously in this namespace [/home/ameen/Desktop/BOOKIN/BOOKIN/backend/YemenBooking.Application_New/YemenBooking.Application.csproj]
/home/ameen/Desktop/BOOKIN/BOOKIN/backend/YemenBooking.Application_New/Features/Payments/Commands/RefundPayment/RefundPaymentCommandHandler.cs(15,7): warning CS0105: The using directive for 'YemenBooking.Application.Common.Interfaces' appeared previously in this namespace [/home/ameen/Desktop/BOOKIN/BOOKIN/backend/YemenBooking.Application_New/YemenBooking.Application.csproj]
/home/ameen/Desktop/BOOKIN/BOOKIN/backend/YemenBooking.Application_New/Features/Payments/Queries/GetPaymentMethods/ClientGetPaymentMethodsQueryHandler.cs(10,7): warning CS0105: The using directive for 'YemenBooking.Application.Features.Payments.DTOs' appeared previously in this namespace [/home/ameen/Desktop/BOOKIN/BOOKIN/backend/YemenBooking.Application_New/YemenBooking.Application.csproj]
/home/ameen/Desktop/BOOKIN/BOOKIN/backend/YemenBooking.Application_New/Features/Properties/Commands/ApproveProperty/ApprovePropertyCommandHandler.cs(15,7): warning CS0105: The using directive for 'YemenBooking.Application.Infrastructure.Services' appeared previously in this namespace [/home/ameen/Desktop/BOOKIN/BOOKIN/backend/YemenBooking.Application_New/YemenBooking.Application.csproj]
/home/ameen/Desktop/BOOKIN/BOOKIN/backend/YemenBooking.Application_New/Features/Properties/Commands/OptimizeImages/OptimizeImageCommand.cs(4,7): warning CS0105: The using directive for 'YemenBooking.Application.Common.Models' appeared previously in this namespace [/home/ameen/Desktop/BOOKIN/BOOKIN/backend/YemenBooking.Application_New/YemenBooking.Application.csproj]
/home/ameen/Desktop/BOOKIN/BOOKIN/backend/YemenBooking.Application_New/Features/Properties/Queries/GetAllProperties/GetAllPropertiesQueryHandler.cs(17,7): warning CS0105: The using directive for 'YemenBooking.Application.Features.Properties.DTOs' appeared previously in this namespace [/home/ameen/Desktop/BOOKIN/BOOKIN/backend/YemenBooking.Application_New/YemenBooking.Application.csproj]
/home/ameen/Desktop/BOOKIN/BOOKIN/backend/YemenBooking.Application_New/Features/Properties/Queries/GetImages/GetImagesQuery.cs(4,7): warning CS0105: The using directive for 'YemenBooking.Application.Common.Models' appeared previously in this namespace [/home/ameen/Desktop/BOOKIN/BOOKIN/backend/YemenBooking.Application_New/YemenBooking.Application.csproj]
/home/ameen/Desktop/BOOKIN/BOOKIN/backend/YemenBooking.Application_New/Features/Properties/Queries/GetImages/GetImagesQuery.cs(5,7): warning CS0105: The using directive for 'YemenBooking.Application.Common.Models' appeared previously in this namespace [/home/ameen/Desktop/BOOKIN/BOOKIN/backend/YemenBooking.Application_New/YemenBooking.Application.csproj]
/home/ameen/Desktop/BOOKIN/BOOKIN/backend/YemenBooking.Application_New/Features/Properties/Queries/GetNearbyProperties/GetNearbyPropertiesQueryHandler.cs(5,7): warning CS0105: The using directive for 'YemenBooking.Application.Features.Properties' appeared previously in this namespace [/home/ameen/Desktop/BOOKIN/BOOKIN/backend/YemenBooking.Application_New/YemenBooking.Application.csproj]
/home/ameen/Desktop/BOOKIN/BOOKIN/backend/YemenBooking.Application_New/Features/Properties/Queries/GetPropertyDetails/ClientGetPropertyDetailsQueryHandler.cs(5,7): warning CS0105: The using directive for 'YemenBooking.Application.Features.Properties' appeared previously in this namespace [/home/ameen/Desktop/BOOKIN/BOOKIN/backend/YemenBooking.Application_New/YemenBooking.Application.csproj]
/home/ameen/Desktop/BOOKIN/BOOKIN/backend/YemenBooking.Application_New/Features/Properties/Queries/GetPropertyDetails/ClientGetPropertyDetailsQueryHandler.cs(9,7): warning CS0105: The using directive for 'YemenBooking.Application.Features.Properties.DTOs' appeared previously in this namespace [/home/ameen/Desktop/BOOKIN/BOOKIN/backend/YemenBooking.Application_New/YemenBooking.Application.csproj]
/home/ameen/Desktop/BOOKIN/BOOKIN/backend/YemenBooking.Application_New/Features/Properties/Queries/GetUploadProgress/GetUploadProgressQueryHandler.cs(8,7): warning CS0105: The using directive for 'YemenBooking.Application.Infrastructure.Services' appeared previously in this namespace [/home/ameen/Desktop/BOOKIN/BOOKIN/backend/YemenBooking.Application_New/YemenBooking.Application.csproj]
/home/ameen/Desktop/BOOKIN/BOOKIN/backend/YemenBooking.Application_New/Features/SearchAndFilters/Queries/GetPopularDestinations/GetPopularDestinationsQuery.cs(5,7): warning CS0105: The using directive for 'YemenBooking.Application.Common.Models' appeared previously in this namespace [/home/ameen/Desktop/BOOKIN/BOOKIN/backend/YemenBooking.Application_New/YemenBooking.Application.csproj]
/home/ameen/Desktop/BOOKIN/BOOKIN/backend/YemenBooking.Application_New/Features/SearchAndFilters/Queries/GetPrivacyPolicy/GetPrivacyPolicyQueryHandler.cs(5,7): warning CS0105: The using directive for 'YemenBooking.Application.Common' appeared previously in this namespace [/home/ameen/Desktop/BOOKIN/BOOKIN/backend/YemenBooking.Application_New/YemenBooking.Application.csproj]
/home/ameen/Desktop/BOOKIN/BOOKIN/backend/YemenBooking.Application_New/Features/SearchAndFilters/Queries/GetRecommendedProperties/GetRecommendedPropertiesQueryHandler.cs(5,7): warning CS0105: The using directive for 'YemenBooking.Application.Features.SearchAndFilters' appeared previously in this namespace [/home/ameen/Desktop/BOOKIN/BOOKIN/backend/YemenBooking.Application_New/YemenBooking.Application.csproj]
/home/ameen/Desktop/BOOKIN/BOOKIN/backend/YemenBooking.Application_New/Features/SearchAndFilters/Queries/GetTermsAndConditions/GetTermsAndConditionsQueryHandler.cs(5,7): warning CS0105: The using directive for 'YemenBooking.Application.Common' appeared previously in this namespace [/home/ameen/Desktop/BOOKIN/BOOKIN/backend/YemenBooking.Application_New/YemenBooking.Application.csproj]
/home/ameen/Desktop/BOOKIN/BOOKIN/backend/YemenBooking.Application_New/Features/Sections/Commands/ManageSections/CreateSectionCommandHandler.cs(4,7): warning CS0105: The using directive for 'YemenBooking.Application.Features.Sections' appeared previously in this namespace [/home/ameen/Desktop/BOOKIN/BOOKIN/backend/YemenBooking.Application_New/YemenBooking.Application.csproj]
/home/ameen/Desktop/BOOKIN/BOOKIN/backend/YemenBooking.Application_New/Features/Sections/Commands/ManageSections/UpdateSectionCommandHandler.cs(4,7): warning CS0105: The using directive for 'YemenBooking.Application.Features.Sections' appeared previously in this namespace [/home/ameen/Desktop/BOOKIN/BOOKIN/backend/YemenBooking.Application_New/YemenBooking.Application.csproj]
/home/ameen/Desktop/BOOKIN/BOOKIN/backend/YemenBooking.Application_New/Features/Sections/Queries/GetAllSections/GetAllSectionsQueryHandler.cs(4,7): warning CS0105: The using directive for 'YemenBooking.Application.Features.Sections' appeared previously in this namespace [/home/ameen/Desktop/BOOKIN/BOOKIN/backend/YemenBooking.Application_New/YemenBooking.Application.csproj]
/home/ameen/Desktop/BOOKIN/BOOKIN/backend/YemenBooking.Application_New/Features/Sections/Queries/GetSectionById/GetSectionByIdQueryHandler.cs(5,7): warning CS0105: The using directive for 'YemenBooking.Application.Features.Sections' appeared previously in this namespace [/home/ameen/Desktop/BOOKIN/BOOKIN/backend/YemenBooking.Application_New/YemenBooking.Application.csproj]
/home/ameen/Desktop/BOOKIN/BOOKIN/backend/YemenBooking.Application_New/Features/Sections/Queries/GetSections/GetSectionsQueryHandler.cs(5,7): warning CS0105: The using directive for 'YemenBooking.Application.Features.Sections' appeared previously in this namespace [/home/ameen/Desktop/BOOKIN/BOOKIN/backend/YemenBooking.Application_New/YemenBooking.Application.csproj]
/home/ameen/Desktop/BOOKIN/BOOKIN/backend/YemenBooking.Application_New/Features/Staffs/Commands/ManageStaff/AddStaffCommandHandler.cs(14,7): warning CS0105: The using directive for 'YemenBooking.Core.Entities' appeared previously in this namespace [/home/ameen/Desktop/BOOKIN/BOOKIN/backend/YemenBooking.Application_New/YemenBooking.Application.csproj]
/home/ameen/Desktop/BOOKIN/BOOKIN/backend/YemenBooking.Application_New/Features/Units/Commands/DeleteUnit/DeleteUnitCommandHandler.cs(14,7): warning CS0105: The using directive for 'YemenBooking.Application.Infrastructure.Services' appeared previously in this namespace [/home/ameen/Desktop/BOOKIN/BOOKIN/backend/YemenBooking.Application_New/YemenBooking.Application.csproj]
/home/ameen/Desktop/BOOKIN/BOOKIN/backend/YemenBooking.Application_New/Features/Units/Queries/GetAvailableUnits/GetAvailableUnitsQueryHandler.cs(5,7): warning CS0105: The using directive for 'YemenBooking.Application.Features.Units' appeared previously in this namespace [/home/ameen/Desktop/BOOKIN/BOOKIN/backend/YemenBooking.Application_New/YemenBooking.Application.csproj]
/home/ameen/Desktop/BOOKIN/BOOKIN/backend/YemenBooking.Application_New/Features/Units/Queries/GetUnitById/GetUnitByIdQueryHandler.cs(10,7): warning CS0105: The using directive for 'YemenBooking.Application.Features.Units' appeared previously in this namespace [/home/ameen/Desktop/BOOKIN/BOOKIN/backend/YemenBooking.Application_New/YemenBooking.Application.csproj]
/home/ameen/Desktop/BOOKIN/BOOKIN/backend/YemenBooking.Application_New/Features/Units/Queries/GetUnitDetails/GetUnitDetailsQueryHandler.cs(5,7): warning CS0105: The using directive for 'YemenBooking.Application.Features.Units' appeared previously in this namespace [/home/ameen/Desktop/BOOKIN/BOOKIN/backend/YemenBooking.Application_New/YemenBooking.Application.csproj]
/home/ameen/Desktop/BOOKIN/BOOKIN/backend/YemenBooking.Application_New/Features/Users/Commands/DeleteUser/ActivateUserCommandHandler.cs(14,7): warning CS0105: The using directive for 'YemenBooking.Application.Features.Authentication.Services' appeared previously in this namespace [/home/ameen/Desktop/BOOKIN/BOOKIN/backend/YemenBooking.Application_New/YemenBooking.Application.csproj]
/home/ameen/Desktop/BOOKIN/BOOKIN/backend/YemenBooking.Application_New/Features/Users/Commands/UpdateUser/UpdateUserSettingsCommandHandler.cs(7,7): warning CS0105: The using directive for 'YemenBooking.Application.Infrastructure.Services' appeared previously in this namespace [/home/ameen/Desktop/BOOKIN/BOOKIN/backend/YemenBooking.Application_New/YemenBooking.Application.csproj]
/home/ameen/Desktop/BOOKIN/BOOKIN/backend/YemenBooking.Application_New/Features/Users/Queries/GetAllUsers/GetAllUsersQueryHandler.cs(12,7): warning CS0105: The using directive for 'YemenBooking.Application.Features.Users' appeared previously in this namespace [/home/ameen/Desktop/BOOKIN/BOOKIN/backend/YemenBooking.Application_New/YemenBooking.Application.csproj]
/home/ameen/Desktop/BOOKIN/BOOKIN/backend/YemenBooking.Application_New/Features/Users/Queries/GetCurrentUser/GetCurrentUserQueryHandler.cs(9,7): warning CS0105: The using directive for 'YemenBooking.Application.Features.Users' appeared previously in this namespace [/home/ameen/Desktop/BOOKIN/BOOKIN/backend/YemenBooking.Application_New/YemenBooking.Application.csproj]
/home/ameen/Desktop/BOOKIN/BOOKIN/backend/YemenBooking.Application_New/Features/Users/Queries/GetUserById/GetUserByIdQueryHandler.cs(9,7): warning CS0105: The using directive for 'YemenBooking.Application.Features.Users' appeared previously in this namespace [/home/ameen/Desktop/BOOKIN/BOOKIN/backend/YemenBooking.Application_New/YemenBooking.Application.csproj]
/home/ameen/Desktop/BOOKIN/BOOKIN/backend/YemenBooking.Application_New/Features/Users/Queries/GetUsersByRole/GetUsersByRoleQueryHandler.cs(11,7): warning CS0105: The using directive for 'YemenBooking.Application.Features.Users' appeared previously in this namespace [/home/ameen/Desktop/BOOKIN/BOOKIN/backend/YemenBooking.Application_New/YemenBooking.Application.csproj]
/home/ameen/Desktop/BOOKIN/BOOKIN/backend/YemenBooking.Application_New/Features/Users/Queries/SearchUsers/SearchUsersQueryHandler.cs(12,7): warning CS0105: The using directive for 'YemenBooking.Application.Features.Users' appeared previously in this namespace [/home/ameen/Desktop/BOOKIN/BOOKIN/backend/YemenBooking.Application_New/YemenBooking.Application.csproj]
/home/ameen/Desktop/BOOKIN/BOOKIN/backend/YemenBooking.Application_New/Infrastructure/Services/IGeolocationService.cs(13,67): warning CS8625: Cannot convert null literal to non-nullable reference type. [/home/ameen/Desktop/BOOKIN/BOOKIN/backend/YemenBooking.Application_New/YemenBooking.Application.csproj]
/home/ameen/Desktop/BOOKIN/BOOKIN/backend/YemenBooking.Application_New/Infrastructure/Services/IGeolocationService.cs(36,71): warning CS8625: Cannot convert null literal to non-nullable reference type. [/home/ameen/Desktop/BOOKIN/BOOKIN/backend/YemenBooking.Application_New/YemenBooking.Application.csproj]
/home/ameen/Desktop/BOOKIN/BOOKIN/backend/YemenBooking.Application_New/Infrastructure/Services/IGeolocationService.cs(42,71): warning CS8625: Cannot convert null literal to non-nullable reference type. [/home/ameen/Desktop/BOOKIN/BOOKIN/backend/YemenBooking.Application_New/YemenBooking.Application.csproj]
/home/ameen/Desktop/BOOKIN/BOOKIN/backend/YemenBooking.Application_New/Features/Analytics/DTOs/UnitManagementDataDto.cs(9,28): warning CS0618: 'PricingRuleDto' is obsolete: 'استخدم DailyScheduleDto بدلاً من ذلك - Use DailyScheduleDto instead' [/home/ameen/Desktop/BOOKIN/BOOKIN/backend/YemenBooking.Application_New/YemenBooking.Application.csproj]
/home/ameen/Desktop/BOOKIN/BOOKIN/backend/YemenBooking.Application_New/Features/SearchAndFilters/DTOs/SearchPropertiesResponse.cs(83,16): error CS0246: The type or namespace name 'SearchRelaxationLevel' could not be found (are you missing a using directive or an assembly reference?) [/home/ameen/Desktop/BOOKIN/BOOKIN/backend/YemenBooking.Application_New/YemenBooking.Application.csproj]
    73 Warning(s)
    1 Error(s)

Time Elapsed 00:00:05.31
